MPLINK 4.38, Linker
Linker Map File - Created Fri May 22 03:16:33 2026

                                 Section Info
                  Section       Type    Address   Location Size(Bytes)
                ---------  ---------  ---------  ---------  ---------
                   .org_0       code   0x000000    program   0x000000
                   .org_1       code   0x000000    program   0x00022e
       .config_2007_JOY.O       code   0x002007    program   0x000002



                              Program Memory Usage 
                               Start         End      
                           ---------   ---------      
                            0x000000    0x000116      
                            0x002007    0x002007      
            280 out of 8454 program addresses used, program memory utilization is 3%



                              Symbols - Sorted by Name
                     Name    Address   Location    Storage File                     
                ---------  ---------  ---------  --------- ---------                
                   AXIS_X   0x00001e    program     static C:\Users\freem\Desktop\Micros_woo\P9\joy.asm
              AXIS_X_LEFT   0x00004e    program     static C:\Users\freem\Desktop\Micros_woo\P9\joy.asm
             AXIS_X_RIGHT   0x00003a    program     static C:\Users\freem\Desktop\Micros_woo\P9\joy.asm
                   AXIS_Y   0x000061    program     static C:\Users\freem\Desktop\Micros_woo\P9\joy.asm
              AXIS_Y_DOWN   0x000090    program     static C:\Users\freem\Desktop\Micros_woo\P9\joy.asm
                AXIS_Y_UP   0x00007d    program     static C:\Users\freem\Desktop\Micros_woo\P9\joy.asm
            CONFIGURACION   0x000000    program     static C:\Users\freem\Desktop\Micros_woo\P9\joy.asm
                DEADPOINT   0x0000a4    program     static C:\Users\freem\Desktop\Micros_woo\P9\joy.asm
                     MAIN   0x000019    program     static C:\Users\freem\Desktop\Micros_woo\P9\joy.asm
            PUSH_JOYSTICK   0x0000aa    program     static C:\Users\freem\Desktop\Micros_woo\P9\joy.asm
    R1Decima_BucleExterno   0x00010d    program     static C:\Program Files (x86)\Microchip\MPASM Suite\Retardos.inc
   R1Decima_BucleExterno2   0x00010b    program     static C:\Program Files (x86)\Microchip\MPASM Suite\Retardos.inc
    R1Decima_BucleInterno   0x00010f    program     static C:\Program Files (x86)\Microchip\MPASM Suite\Retardos.inc
        R1ms_BucleExterno   0x0000f7    program     static C:\Program Files (x86)\Microchip\MPASM Suite\Retardos.inc
        R1ms_BucleInterno   0x0000f9    program     static C:\Program Files (x86)\Microchip\MPASM Suite\Retardos.inc
            RetardoMicros   0x0000e3    program     static C:\Program Files (x86)\Microchip\MPASM Suite\Retardos.inc
        Retardo_100micros   0x0000dd    program     static C:\Program Files (x86)\Microchip\MPASM Suite\Retardos.inc
            Retardo_100ms   0x0000e9    program     static C:\Program Files (x86)\Microchip\MPASM Suite\Retardos.inc
         Retardo_10micros   0x0000d0    program     static C:\Program Files (x86)\Microchip\MPASM Suite\Retardos.inc
             Retardo_10ms   0x0000ef    program     static C:\Program Files (x86)\Microchip\MPASM Suite\Retardos.inc
              Retardo_10s   0x000101    program     static C:\Program Files (x86)\Microchip\MPASM Suite\Retardos.inc
          Retardo_1Decima   0x00010a    program     static C:\Program Files (x86)\Microchip\MPASM Suite\Retardos.inc
              Retardo_1ms   0x0000f5    program     static C:\Program Files (x86)\Microchip\MPASM Suite\Retardos.inc
               Retardo_1s   0x000107    program     static C:\Program Files (x86)\Microchip\MPASM Suite\Retardos.inc
        Retardo_200micros   0x0000da    program     static C:\Program Files (x86)\Microchip\MPASM Suite\Retardos.inc
            Retardo_200ms   0x0000e7    program     static C:\Program Files (x86)\Microchip\MPASM Suite\Retardos.inc
         Retardo_20micros   0x0000e2    program     static C:\Program Files (x86)\Microchip\MPASM Suite\Retardos.inc
             Retardo_20ms   0x0000ed    program     static C:\Program Files (x86)\Microchip\MPASM Suite\Retardos.inc
              Retardo_20s   0x0000ff    program     static C:\Program Files (x86)\Microchip\MPASM Suite\Retardos.inc
              Retardo_2ms   0x0000f3    program     static C:\Program Files (x86)\Microchip\MPASM Suite\Retardos.inc
               Retardo_2s   0x000105    program     static C:\Program Files (x86)\Microchip\MPASM Suite\Retardos.inc
          Retardo_4micros   0x0000d6    program     static C:\Program Files (x86)\Microchip\MPASM Suite\Retardos.inc
        Retardo_500micros   0x0000d7    program     static C:\Program Files (x86)\Microchip\MPASM Suite\Retardos.inc
            Retardo_500ms   0x000109    program     static C:\Program Files (x86)\Microchip\MPASM Suite\Retardos.inc
         Retardo_50micros   0x0000df    program     static C:\Program Files (x86)\Microchip\MPASM Suite\Retardos.inc
             Retardo_50ms   0x0000eb    program     static C:\Program Files (x86)\Microchip\MPASM Suite\Retardos.inc
          Retardo_5micros   0x0000d5    program     static C:\Program Files (x86)\Microchip\MPASM Suite\Retardos.inc
              Retardo_5ms   0x0000f1    program     static C:\Program Files (x86)\Microchip\MPASM Suite\Retardos.inc
               Retardo_5s   0x000103    program     static C:\Program Files (x86)\Microchip\MPASM Suite\Retardos.inc
              Retardos_ms   0x0000f6    program     static C:\Program Files (x86)\Microchip\MPASM Suite\Retardos.inc
            Rmicros_Bucle   0x0000e4    program     static C:\Program Files (x86)\Microchip\MPASM Suite\Retardos.inc
               SHIFT_LOOP   0x0000c3    program     static C:\Users\freem\Desktop\Micros_woo\P9\joy.asm
               UPDATE_595   0x0000bb    program     static C:\Users\freem\Desktop\Micros_woo\P9\joy.asm



                              Symbols - Sorted by Address
                     Name    Address   Location    Storage File                     
                ---------  ---------  ---------  --------- ---------                
            CONFIGURACION   0x000000    program     static C:\Users\freem\Desktop\Micros_woo\P9\joy.asm
                     MAIN   0x000019    program     static C:\Users\freem\Desktop\Micros_woo\P9\joy.asm
                   AXIS_X   0x00001e    program     static C:\Users\freem\Desktop\Micros_woo\P9\joy.asm
             AXIS_X_RIGHT   0x00003a    program     static C:\Users\freem\Desktop\Micros_woo\P9\joy.asm
              AXIS_X_LEFT   0x00004e    program     static C:\Users\freem\Desktop\Micros_woo\P9\joy.asm
                   AXIS_Y   0x000061    program     static C:\Users\freem\Desktop\Micros_woo\P9\joy.asm
                AXIS_Y_UP   0x00007d    program     static C:\Users\freem\Desktop\Micros_woo\P9\joy.asm
              AXIS_Y_DOWN   0x000090    program     static C:\Users\freem\Desktop\Micros_woo\P9\joy.asm
                DEADPOINT   0x0000a4    program     static C:\Users\freem\Desktop\Micros_woo\P9\joy.asm
            PUSH_JOYSTICK   0x0000aa    program     static C:\Users\freem\Desktop\Micros_woo\P9\joy.asm
               UPDATE_595   0x0000bb    program     static C:\Users\freem\Desktop\Micros_woo\P9\joy.asm
               SHIFT_LOOP   0x0000c3    program     static C:\Users\freem\Desktop\Micros_woo\P9\joy.asm
         Retardo_10micros   0x0000d0    program     static C:\Program Files (x86)\Microchip\MPASM Suite\Retardos.inc
          Retardo_5micros   0x0000d5    program     static C:\Program Files (x86)\Microchip\MPASM Suite\Retardos.inc
          Retardo_4micros   0x0000d6    program     static C:\Program Files (x86)\Microchip\MPASM Suite\Retardos.inc
        Retardo_500micros   0x0000d7    program     static C:\Program Files (x86)\Microchip\MPASM Suite\Retardos.inc
        Retardo_200micros   0x0000da    program     static C:\Program Files (x86)\Microchip\MPASM Suite\Retardos.inc
        Retardo_100micros   0x0000dd    program     static C:\Program Files (x86)\Microchip\MPASM Suite\Retardos.inc
         Retardo_50micros   0x0000df    program     static C:\Program Files (x86)\Microchip\MPASM Suite\Retardos.inc
         Retardo_20micros   0x0000e2    program     static C:\Program Files (x86)\Microchip\MPASM Suite\Retardos.inc
            RetardoMicros   0x0000e3    program     static C:\Program Files (x86)\Microchip\MPASM Suite\Retardos.inc
            Rmicros_Bucle   0x0000e4    program     static C:\Program Files (x86)\Microchip\MPASM Suite\Retardos.inc
            Retardo_200ms   0x0000e7    program     static C:\Program Files (x86)\Microchip\MPASM Suite\Retardos.inc
            Retardo_100ms   0x0000e9    program     static C:\Program Files (x86)\Microchip\MPASM Suite\Retardos.inc
             Retardo_50ms   0x0000eb    program     static C:\Program Files (x86)\Microchip\MPASM Suite\Retardos.inc
             Retardo_20ms   0x0000ed    program     static C:\Program Files (x86)\Microchip\MPASM Suite\Retardos.inc
             Retardo_10ms   0x0000ef    program     static C:\Program Files (x86)\Microchip\MPASM Suite\Retardos.inc
              Retardo_5ms   0x0000f1    program     static C:\Program Files (x86)\Microchip\MPASM Suite\Retardos.inc
              Retardo_2ms   0x0000f3    program     static C:\Program Files (x86)\Microchip\MPASM Suite\Retardos.inc
              Retardo_1ms   0x0000f5    program     static C:\Program Files (x86)\Microchip\MPASM Suite\Retardos.inc
              Retardos_ms   0x0000f6    program     static C:\Program Files (x86)\Microchip\MPASM Suite\Retardos.inc
        R1ms_BucleExterno   0x0000f7    program     static C:\Program Files (x86)\Microchip\MPASM Suite\Retardos.inc
        R1ms_BucleInterno   0x0000f9    program     static C:\Program Files (x86)\Microchip\MPASM Suite\Retardos.inc
              Retardo_20s   0x0000ff    program     static C:\Program Files (x86)\Microchip\MPASM Suite\Retardos.inc
              Retardo_10s   0x000101    program     static C:\Program Files (x86)\Microchip\MPASM Suite\Retardos.inc
               Retardo_5s   0x000103    program     static C:\Program Files (x86)\Microchip\MPASM Suite\Retardos.inc
               Retardo_2s   0x000105    program     static C:\Program Files (x86)\Microchip\MPASM Suite\Retardos.inc
               Retardo_1s   0x000107    program     static C:\Program Files (x86)\Microchip\MPASM Suite\Retardos.inc
            Retardo_500ms   0x000109    program     static C:\Program Files (x86)\Microchip\MPASM Suite\Retardos.inc
          Retardo_1Decima   0x00010a    program     static C:\Program Files (x86)\Microchip\MPASM Suite\Retardos.inc
   R1Decima_BucleExterno2   0x00010b    program     static C:\Program Files (x86)\Microchip\MPASM Suite\Retardos.inc
    R1Decima_BucleExterno   0x00010d    program     static C:\Program Files (x86)\Microchip\MPASM Suite\Retardos.inc
    R1Decima_BucleInterno   0x00010f    program     static C:\Program Files (x86)\Microchip\MPASM Suite\Retardos.inc


