MPASM  5.39                      JOYSTICK.ASM   5-17-2026  23:22:54         PAGE  1


LOC  OBJECT CODE     LINE SOURCE TEXT
  VALUE

Warning[205]: Found directive in column 1. (LIST)
                      00001 LIST p=16F877A
Warning[205]: Found directive in column 1. (INCLUDE)
                      00002 INCLUDE <p16F877A.inc>
                      00001         LIST
                      00002 
                      00003 ;==========================================================================
                      00004 ;  MPASM PIC16F877A processor include
                      00005 ; 
                      00006 ;  (c) Copyright 1999-2010 Microchip Technology, All rights reserved
                      00007 ;==========================================================================
                      00008 
                      00555         LIST
                      00003 
Warning[205]: Found directive in column 1. (__CONFIG)
2007   3F31           00004 __CONFIG  _XT_OSC & _WDT_OFF & _PWRTE_ON & _BODEN_OFF & _LVP_OFF
                      00005 
Warning[205]: Found directive in column 1. (ORG)
0000                  00006 ORG 0x00
                      00007 
Warning[205]: Found directive in column 1. (CBLOCK)
                      00008 CBLOCK 0x20
  00000020            00009 CONT    ; Se usa para el conteo de 3 veces el parpadeo de el push
  00000021            00010 VAR_CENTRO
                      00011 
  00000022            00012 ADRESLESSX
  00000023            00013 ADRESHIGHX
                      00014 
  00000024            00015 ADRESLESSY
  00000025            00016 ADRESHIGHY
                      00017 
Warning[205]: Found directive in column 1. (ENDC)
                      00018 ENDC
                      00019 
                      00020 
0000                  00021 CONFIGURACION
                      00022 
Warning[203]: Found opcode in column 1. (BSF)
0000   1683           00023 BSF STATUS,RP0
                      00024 
                      00025 ; Entradas de manera analogica RA0 (Axis X) y RA1 (Axis Y)
Warning[203]: Found opcode in column 1. (MOVLW)
0001   3003           00026 MOVLW 0x03      ;Aqui solo se declaran los pines entrada, aun falta la configuracion ADC
Warning[203]: Found opcode in column 1. (MOVWF)
Message[302]: Register in operand not in bank 0.  Ensure that bank bits are correct.
0002   0085           00027 MOVWF TRISA
                      00028 
                      00029 ; PORTB
Warning[203]: Found opcode in column 1. (BCF)
Message[302]: Register in operand not in bank 0.  Ensure that bank bits are correct.
0003   1006           00030 BCF TRISB,0 ; Bit salida para el centro del joystick, unico que no entra ni en Axis X y Axis Y
Warning[203]: Found opcode in column 1. (BSF)
Message[302]: Register in operand not in bank 0.  Ensure that bank bits are correct.
MPASM  5.39                      JOYSTICK.ASM   5-17-2026  23:22:54         PAGE  2


LOC  OBJECT CODE     LINE SOURCE TEXT
  VALUE

0004   1486           00031 BSF TRISB,1 ; Bit entrada para AXIS X y AXIS Y
                      00032 
                      00033 ; Puerto de salida AXIS X
Warning[203]: Found opcode in column 1. (MOVLW)
0005   3000           00034 MOVLW 0x00
Warning[203]: Found opcode in column 1. (MOVWF)
Message[302]: Register in operand not in bank 0.  Ensure that bank bits are correct.
0006   0087           00035 MOVWF TRISC
                      00036 
                      00037 ; Puerto de salida AXIS Y
Warning[203]: Found opcode in column 1. (MOVLW)
0007   3000           00038 MOVLW 0x00
Warning[203]: Found opcode in column 1. (MOVWF)
Message[302]: Register in operand not in bank 0.  Ensure that bank bits are correct.
0008   0088           00039 MOVWF TRISD
                      00040 
                      00041 ; Configuracion de ADCON1 banco 0,1
Warning[203]: Found opcode in column 1. (MOVLW)
0009   3089           00042 MOVLW b'10001001'   ;Bit 7 RIGHT justified
                      00043                     ;Bit 6 Fosc/64 para mejor captura
                      00044                     ;Bit 5-4 valen vg 
                      00045                     ;Bit 3-0 pone AN1-AN0 todo lo demas digital,Vref+ = Vdd y Vref- = Vss
Warning[203]: Found opcode in column 1. (MOVWF)
Message[302]: Register in operand not in bank 0.  Ensure that bank bits are correct.
000A   009F           00046 MOVWF ADCON1
                      00047 
                      00048 ;Resgresamos al banco 0,0
Warning[203]: Found opcode in column 1. (BCF)
000B   1283           00049 BCF STATUS,RP0
                      00050 
                      00051 ;Esta mamada del pic no puede configurarse para leer 2 ADC por separado
                      00052 ;Se configurara primero AXIS X 
                      00053 
Warning[203]: Found opcode in column 1. (MOVLW)
000C   3086           00054 MOVLW b'10000110'   ;Bit 7-6 Fosc/64
                      00055                     ;Bit 5-3 Channel 0 (AN0)
                      00056                     ;Bit 2 GO/DONE A/D not in progress
                      00057                     ;Bit 1 vale vg
                      00058                     ;Bit 0 A/D modulo convertidor se levanta
Warning[203]: Found opcode in column 1. (MOVWF)
000D   009F           00059 MOVWF ADCON0
                      00060 
Warning[203]: Found opcode in column 1. (BCF)
000E   1006           00061 BCF PORTB,0
Warning[203]: Found opcode in column 1. (CLRF)
000F   0187           00062 CLRF    PORTC
Warning[203]: Found opcode in column 1. (CLRF)
0010   0188           00063 CLRF    PORTD
                      00064 
Warning[203]: Found opcode in column 1. (MOVLW)
0011   3003           00065 MOVLW 0x03  ; Le damos un valor de 3 al cont
Warning[203]: Found opcode in column 1. (MOVWF)
0012   00A0           00066 MOVWF CONT
MPASM  5.39                      JOYSTICK.ASM   5-17-2026  23:22:54         PAGE  3


LOC  OBJECT CODE     LINE SOURCE TEXT
  VALUE

                      00067 
Warning[203]: Found opcode in column 1. (MOVLW)
0013   30FF           00068 MOVLW 0xFF
Warning[203]: Found opcode in column 1. (MOVWF)
0014   00A1           00069 MOVWF VAR_CENTRO
                      00070 
                      00071 
                      00072 ; Ya a la chingada se configuro todo lo inicial
                      00073 
                      00074 
0015   20C6           00075     CALL Retardo_20ms
0016   151F           00076     BSF ADCON0,2
                      00077 
0017                  00078 MAIN                ;Hay de 3 sopas Bajo o Alto RB1  
                      00079                     ;Bajo se va a AXIS_X
                      00080                     ;Alto se va a AXIS_Y
                      00081                     ;Push boton de joystick
                      00082 
0017   1C86           00083     BTFSS PORTB,1
0018   201C           00084     CALL AXIS_X
0019   1886           00085     BTFSC PORTB,1
001A   2057           00086     CALL AXIS_Y
                      00087 
                      00088 
Warning[203]: Found opcode in column 1. (GOTO)
001B   2817           00089 GOTO MAIN
                      00090 
                      00091 
                      00092 ;---------------Bloque de rutinas para AXIS X-------------------
001C                  00093 AXIS_X
                      00094     
001C   1906           00095     BTFSC PORTB,2
001D   2098           00096     CALL  PUSH_JOYSTICK
                      00097 
001E   3081           00098     MOVLW b'10000001'
001F   009F           00099     MOVWF ADCON0
                      00100 
0020   20C6           00101     CALL Retardo_20ms
                      00102 
0021   151F           00103     BSF  ADCON0, 2
0022   191F           00104     BTFSC ADCON0, 2
0023   2822           00105     GOTO $-1
                      00106 
0024   081E           00107     MOVF  ADRESH, W
0025   00A3           00108     MOVWF ADRESHIGHX
                      00109 
0026   1683           00110     BSF   STATUS, RP0
Message[302]: Register in operand not in bank 0.  Ensure that bank bits are correct.
0027   081E           00111     MOVF  ADRESL, W
0028   1283           00112     BCF   STATUS, RP0
0029   00A2           00113     MOVWF ADRESLESSX        ; 8 bits bajos â†’ PORTD (aunque solo 2 bits importan)
                      00114 
                      00115 
MPASM  5.39                      JOYSTICK.ASM   5-17-2026  23:22:54         PAGE  4


LOC  OBJECT CODE     LINE SOURCE TEXT
  VALUE

002A   0821           00116     MOVF VAR_CENTRO,0
002B   0222           00117     SUBWF ADRESLESSX,0
002C   1D03           00118     BTFSS STATUS,Z
002D   2092           00119     CALL DEADPOINT
                      00120 
                      00121 
002E   18A3           00122     BTFSC ADRESHIGHX,1
002F   2038           00123     CALL AXIS_X_RIGHT
                      00124 
0030   08A2           00125     MOVF ADRESLESSX, 1
0031   1903           00126     BTFSC STATUS,Z
0032   2048           00127     CALL AXIS_X_LEFT
                      00128 
0033   30FF           00129     MOVLW 0xFF
0034   00A1           00130     MOVWF VAR_CENTRO
                      00131 
0035   1C86           00132     BTFSS PORTB,1
0036   281C           00133     GOTO AXIS_X
Warning[203]: Found opcode in column 1. (RETURN)
0037   0008           00134 RETURN
                      00135 
                      00136 
0038                  00137 AXIS_X_RIGHT
0038   1006           00138     BCF PORTB,0
0039   01A3           00139     CLRF ADRESHIGHX
                      00140 
003A   3010           00141     MOVLW b'00010000'
003B   0087           00142     MOVWF PORTC
003C   20C0           00143     CALL Retardo_200ms
                      00144 
003D   1003           00145     BCF STATUS,C
003E   0D07           00146     RLF PORTC,0
003F   0087           00147     MOVWF PORTC
0040   20C0           00148     CALL Retardo_200ms
                      00149 
0041   0D07           00150     RLF PORTC,0
0042   0087           00151     MOVWF PORTC
0043   20C0           00152     CALL Retardo_200ms
                      00153 
0044   0D07           00154     RLF PORTC,0
0045   0087           00155     MOVWF PORTC
                      00156 
0046   20C0           00157     CALL Retardo_200ms
Warning[203]: Found opcode in column 1. (RETURN)
0047   0008           00158 RETURN
                      00159 
0048                  00160 AXIS_X_LEFT
0048   1006           00161     BCF PORTB,0
0049   01A2           00162     CLRF ADRESLESSX
                      00163 
004A   3001           00164     MOVLW 0x01
004B   0087           00165     MOVWF PORTC
004C   20C0           00166     CALL Retardo_200ms
MPASM  5.39                      JOYSTICK.ASM   5-17-2026  23:22:54         PAGE  5


LOC  OBJECT CODE     LINE SOURCE TEXT
  VALUE

004D   0D07           00167     RLF PORTC,0
004E   0087           00168     MOVWF PORTC
                      00169 
004F   20C0           00170     CALL Retardo_200ms
0050   0D07           00171     RLF PORTC,0
0051   0087           00172     MOVWF PORTC
                      00173 
0052   20C0           00174     CALL Retardo_200ms
0053   0D07           00175     RLF PORTC,0
0054   0087           00176     MOVWF PORTC
                      00177 
0055   20C0           00178     CALL Retardo_200ms
Warning[203]: Found opcode in column 1. (RETURN)
0056   0008           00179 RETURN
                      00180 
                      00181 
                      00182 ;---------------Final de rutinas para AXIS X-------------------
                      00183 
                      00184 
                      00185 
                      00186 ;---------------Bloque de rutinas para AXIS Y------------------
0057                  00187 AXIS_Y
0057   1906           00188     BTFSC PORTB,2
0058   2098           00189     CALL  PUSH_JOYSTICK
                      00190     
0059   3089           00191     MOVLW b'10001001'
005A   009F           00192     MOVWF ADCON0
005B   20C6           00193     CALL Retardo_20ms
                      00194 
005C   151F           00195     BSF ADCON0,2
005D   191F           00196     BTFSC ADCON0,2
005E   285D           00197     GOTO $-1
                      00198 
005F   081E           00199     MOVF ADRESH,0
0060   00A5           00200     MOVWF ADRESHIGHY
0061   1683           00201     BSF STATUS,RP0
Message[302]: Register in operand not in bank 0.  Ensure that bank bits are correct.
0062   081E           00202     MOVF ADRESL,0
0063   1283           00203     BCF STATUS,RP0
0064   00A4           00204     MOVWF ADRESLESSY
                      00205 
0065   0821           00206     MOVF VAR_CENTRO,0
0066   0224           00207     SUBWF ADRESLESSY,0
0067   1D03           00208     BTFSS STATUS,Z
0068   2092           00209     CALL DEADPOINT
                      00210 
0069   18A5           00211     BTFSC ADRESHIGHY,1
006A   2073           00212     CALL AXIS_Y_UP
                      00213 
006B   08A4           00214     MOVF ADRESLESSY, 1
006C   1903           00215     BTFSC STATUS,Z
006D   2082           00216     CALL AXIS_Y_DOWN
                      00217 
MPASM  5.39                      JOYSTICK.ASM   5-17-2026  23:22:54         PAGE  6


LOC  OBJECT CODE     LINE SOURCE TEXT
  VALUE

006E   30FF           00218     MOVLW 0xFF
006F   00A1           00219     MOVWF VAR_CENTRO
                      00220 
0070   1886           00221     BTFSC PORTB,1
0071   2857           00222     GOTO AXIS_Y
Warning[203]: Found opcode in column 1. (RETURN)
0072   0008           00223 RETURN  ;Me regresa a mi rutina MAIN
                      00224 
0073                  00225 AXIS_Y_UP
0073   1006           00226     BCF PORTB,0
0074   01A5           00227     CLRF ADRESHIGHY
                      00228 
0075   3001           00229     MOVLW 0x01
0076   0088           00230     MOVWF PORTD
0077   20C0           00231     CALL Retardo_200ms
0078   0D08           00232     RLF PORTD,0
0079   0088           00233     MOVWF PORTD
                      00234 
007A   20C0           00235     CALL Retardo_200ms
007B   0D08           00236     RLF PORTD,0
007C   0088           00237     MOVWF PORTD
                      00238 
007D   20C0           00239     CALL Retardo_200ms
007E   0D08           00240     RLF PORTD,0
007F   0088           00241     MOVWF PORTD
                      00242 
0080   20C0           00243     CALL Retardo_200ms
Warning[203]: Found opcode in column 1. (RETURN)
0081   0008           00244 RETURN
                      00245 
                      00246 
0082                  00247 AXIS_Y_DOWN
0082   1006           00248     BCF PORTB,0
0083   01A4           00249     CLRF ADRESLESSY
                      00250 
0084   3010           00251     MOVLW b'00010000'
0085   0088           00252     MOVWF PORTD
0086   20C0           00253     CALL Retardo_200ms
                      00254 
0087   1003           00255     BCF STATUS,C
0088   0D08           00256     RLF PORTD,0
0089   0088           00257     MOVWF PORTD
008A   20C0           00258     CALL Retardo_200ms
                      00259 
008B   0D08           00260     RLF PORTD,0
008C   0088           00261     MOVWF PORTD
008D   20C0           00262     CALL Retardo_200ms
                      00263 
008E   0D08           00264     RLF PORTD,0
008F   0088           00265     MOVWF PORTD
                      00266 
0090   20C0           00267     CALL Retardo_200ms
Warning[203]: Found opcode in column 1. (RETURN)
MPASM  5.39                      JOYSTICK.ASM   5-17-2026  23:22:54         PAGE  7


LOC  OBJECT CODE     LINE SOURCE TEXT
  VALUE

0091   0008           00268 RETURN
                      00269 
                      00270 
                      00271 ;Punto muerto del joystick (ningun movimiento)
0092                  00272 DEADPOINT
0092   3000           00273     MOVLW 0x00
0093   0087           00274     MOVWF PORTC
                      00275 
0094   3000           00276     MOVLW 0x00
0095   0088           00277     MOVWF PORTD
                      00278 
0096   1406           00279     BSF PORTB,0
Warning[203]: Found opcode in column 1. (RETURN)
0097   0008           00280 RETURN
                      00281 
                      00282 
                      00283 ;Rutina de la pulsacion del joystick
0098                  00284 PUSH_JOYSTICK
                      00285 
0098   30FF           00286     MOVLW 0xFF      ;Se enciende todos los leds del PORTC
0099   0087           00287     MOVWF PORTC
                      00288 
009A   30FF           00289     MOVLW 0xFF      ;Se enciende todos los leds del PORTD
009B   0088           00290     MOVWF PORTD
                      00291 
009C   1406           00292     BSF PORTB,0     ;Se enciende el centro de la cruz
                      00293 
009D   20E2           00294     CALL Retardo_500ms  ;Retardo para mantenerlo encendido 0.5s
                      00295 
009E   3000           00296     MOVLW 0x00      ;Se apagan todos los leds del PORTC
009F   0087           00297     MOVWF PORTC
                      00298 
00A0   3000           00299     MOVLW 0x00      ;Se apagan todos los leds del PORTD
00A1   0088           00300     MOVWF PORTD
                      00301 
00A2   1006           00302     BCF PORTB,0     ;Se apaga el led del centro
                      00303 
00A3   20E2           00304     CALL Retardo_500ms  ;Retardo para mantenerlo apagado 0.5s
                      00305 
00A4   0BA0           00306     DECFSZ CONT,1       ;Decrementa de uno en uno CONT hasta llegar a 0, asi contamos los parpadeos
00A5   2898           00307     GOTO PUSH_JOYSTICK  ;Una vez llega a 0 deja el bucle
                      00308 
00A6   3003           00309     MOVLW 0x03          ;Volvemos a restablecer el contador
00A7   00A0           00310     MOVWF CONT
                      00311 
Warning[203]: Found opcode in column 1. (RETURN)
00A8   0008           00312 RETURN
                      00313 
                      00314 #include "Retardos.inc"
                      00001 ;**************************** Librería "RETARDOS.INC" *********************************
                      00002 ;
                      00003 ;       ===================================================================
                      00004 ;         Del libro "MICROCONTROLADOR PIC16F84. DESARROLLO DE PROYECTOS"
MPASM  5.39                      JOYSTICK.ASM   5-17-2026  23:22:54         PAGE  8


LOC  OBJECT CODE     LINE SOURCE TEXT
  VALUE

                      00005 ;         E. Palacios, F. Remiro y L. López.            www.pic16f84a.com
                      00006 ;         Editorial Ra-Ma.  www.ra-ma.es
                      00007 ;       ===================================================================
                      00008 ;
                      00009 ; Librería con múltiples subrutinas de retardos, desde 4 microsegundos hasta 20 segundos. 
                      00010 ; Además se pueden implementar otras subrutinas muy fácilmente.
                      00011 ;
                      00012 ; Se han calculado para un sistema microcontrolador con un PIC trabajando con un cristal
                      00013 ; de cuarzo a 4 MHz. Como cada ciclo máquina son 4 ciclos de reloj, resulta que cada
                      00014 ; ciclo máquina tarda 4 x 1/4MHz = 1 µs.
                      00015 ;
                      00016 ; En los comentarios, "cm" significa "ciclos máquina".
                      00017 ;
                      00018 ; ZONA DE DATOS *********************************************************************
                      00019 
                      00020         CBLOCK
  00000026            00021         R_ContA                                         ; Contadores para los retardos.
  00000027            00022         R_ContB
  00000028            00023         R_ContC
                      00024         ENDC
                      00025 ;
                      00026 ; RETARDOS de 4 hasta 10 microsegundos ---------------------------------------------------
                      00027 ;
                      00028 ; A continuación retardos pequeños teniendo en cuenta que para una frecuencia de 4 MHZ,
                      00029 ; la llamada a subrutina "call" tarda 2 ciclos máquina, el retorno de subrutina
                      00030 ; "return" toma otros 2 ciclos máquina y cada instrucción "nop" tarda 1 ciclo máquina.
                      00031 ;
00A9                  00032 Retardo_10micros                                ; La llamada "call" aporta 2 ciclos máquina.
00A9   0000           00033         nop                                                     ; Aporta 1 ciclo máquina.
00AA   0000           00034         nop                                                     ; Aporta 1 ciclo máquina.
00AB   0000           00035         nop                                                     ; Aporta 1 ciclo máquina.
00AC   0000           00036         nop                                                     ; Aporta 1 ciclo máquina.
00AD   0000           00037         nop                                                     ; Aporta 1 ciclo máquina.
00AE                  00038 Retardo_5micros                                 ; La llamada "call" aporta 2 ciclos máquina.
00AE   0000           00039         nop                                                     ; Aporta 1 ciclo máquina.
00AF                  00040 Retardo_4micros                                 ; La llamada "call" aporta 2 ciclos máquina.
00AF   0008           00041         return                                          ; El salto del retorno aporta 2 ciclos máquina.
                      00042 ;
                      00043 ; RETARDOS de 20 hasta 500 microsegundos ------------------------------------------------
                      00044 ;
00B0                  00045 Retardo_500micros                               ; La llamada "call" aporta 2 ciclos máquina.
00B0   0000           00046         nop                                                     ; Aporta 1 ciclo máquina.
00B1   30A4           00047         movlw   d'164'                          ; Aporta 1 ciclo máquina. Este es el valor de "K".
00B2   28BC           00048         goto    RetardoMicros           ; Aporta 2 ciclos máquina.
00B3                  00049 Retardo_200micros                               ; La llamada "call" aporta 2 ciclos máquina.
00B3   0000           00050         nop                                                     ; Aporta 1 ciclo máquina.
00B4   3040           00051         movlw   d'64'                           ; Aporta 1 ciclo máquina. Este es el valor de "K".
00B5   28BC           00052         goto    RetardoMicros           ; Aporta 2 ciclos máquina.
00B6                  00053 Retardo_100micros                               ; La llamada "call" aporta 2 ciclos máquina.
00B6   301F           00054         movlw   d'31'                           ; Aporta 1 ciclo máquina. Este es el valor de "K".
00B7   28BC           00055         goto    RetardoMicros           ; Aporta 2 ciclos máquina.
00B8                  00056 Retardo_50micros                                ; La llamada "call" aporta 2 ciclos máquina.
00B8   0000           00057         nop                                                     ; Aporta 1 ciclo máquina.
MPASM  5.39                      JOYSTICK.ASM   5-17-2026  23:22:54         PAGE  9


LOC  OBJECT CODE     LINE SOURCE TEXT
  VALUE

00B9   300E           00058         movlw   d'14'                           ; Aporta 1 ciclo máquina. Este es el valor de "K".
00BA   28BC           00059         goto    RetardoMicros           ; Aporta 2 ciclos máquina.
00BB                  00060 Retardo_20micros                                ; La llamada "call" aporta 2 ciclos máquina.
00BB   3005           00061         movlw   d'5'                            ; Aporta 1 ciclo máquina. Este es el valor de "K".
                      00062 ;
                      00063 ; El próximo bloque "RetardoMicros" tarda:
                      00064 ; 1 + (K-1) + 2 + (K-1)x2 + 2 = (2 + 3K) ciclos máquina.
                      00065 ;
00BC                  00066 RetardoMicros
00BC   00A6           00067         movwf   R_ContA                         ; Aporta 1 ciclo máquina.
00BD                  00068 Rmicros_Bucle
00BD   0BA6           00069         decfsz  R_ContA,F                       ; (K-1)x1 cm (cuando no salta) + 2 cm (al saltar).
00BE   28BD           00070         goto    Rmicros_Bucle           ; Aporta (K-1)x2 ciclos máquina.
00BF   0008           00071         return                                          ; El salto del retorno aporta 2 ciclos máquina.
                      00072 ;
                      00073 ;En total estas subrutinas tardan:
                      00074 ; - Retardo_500micros:  2 + 1 + 1 + 2 + (2 + 3K) = 500 cm = 500 µs. (para K=164 y 4 MHz).
                      00075 ; - Retardo_200micros:  2 + 1 + 1 + 2 + (2 + 3K) = 200 cm = 200 µs. (para K= 64 y 4 MHz).
                      00076 ; - Retardo_100micros:  2     + 1 + 2 + (2 + 3K) = 100 cm = 100 µs. (para K= 31 y 4 MHz).
                      00077 ; - Retardo_50micros :  2 + 1 + 1 + 2 + (2 + 3K) =  50 cm =  50 µs. (para K= 14 y 4 MHz).
                      00078 ; - Retardo_20micros :  2     + 1     + (2 + 3K) =  20 cm =  20 µs. (para K=  5 y 4 MHz).
                      00079 ;
                      00080 ; RETARDOS de 1 ms hasta 200 ms. --------------------------------------------------------
                      00081 ;
00C0                  00082 Retardo_200ms                                   ; La llamada "call" aporta 2 ciclos máquina.
00C0   30C8           00083         movlw   d'200'                          ; Aporta 1 ciclo máquina. Este es el valor de "M".
00C1   28CF           00084         goto    Retardos_ms                     ; Aporta 2 ciclos máquina.
00C2                  00085 Retardo_100ms                                   ; La llamada "call" aporta 2 ciclos máquina.
00C2   3064           00086         movlw   d'100'                          ; Aporta 1 ciclo máquina. Este es el valor de "M".
00C3   28CF           00087         goto    Retardos_ms                     ; Aporta 2 ciclos máquina.
00C4                  00088 Retardo_50ms                                    ; La llamada "call" aporta 2 ciclos máquina.
00C4   3032           00089         movlw   d'50'                           ; Aporta 1 ciclo máquina. Este es el valor de "M".
00C5   28CF           00090         goto    Retardos_ms                     ; Aporta 2 ciclos máquina.
00C6                  00091 Retardo_20ms                                    ; La llamada "call" aporta 2 ciclos máquina.
00C6   3014           00092         movlw   d'20'                           ; Aporta 1 ciclo máquina. Este es el valor de "M".
00C7   28CF           00093         goto    Retardos_ms                     ; Aporta 2 ciclos máquina.
00C8                  00094 Retardo_10ms                                    ; La llamada "call" aporta 2 ciclos máquina.
00C8   300A           00095         movlw   d'10'                           ; Aporta 1 ciclo máquina. Este es el valor de "M".
00C9   28CF           00096         goto    Retardos_ms                     ; Aporta 2 ciclos máquina.
00CA                  00097 Retardo_5ms                                             ; La llamada "call" aporta 2 ciclos máquina.
00CA   3005           00098         movlw   d'5'                            ; Aporta 1 ciclo máquina. Este es el valor de "M".
00CB   28CF           00099         goto    Retardos_ms                     ; Aporta 2 ciclos máquina.
00CC                  00100 Retardo_2ms                                             ; La llamada "call" aporta 2 ciclos máquina.
00CC   3002           00101         movlw   d'2'                            ; Aporta 1 ciclo máquina. Este es el valor de "M".
00CD   28CF           00102         goto    Retardos_ms                     ; Aporta 2 ciclos máquina.
00CE                  00103 Retardo_1ms                                             ; La llamada "call" aporta 2 ciclos máquina.
00CE   3001           00104         movlw   d'1'                            ; Aporta 1 ciclo máquina. Este es el valor de "M".
                      00105 ;
                      00106 ; El próximo bloque "Retardos_ms" tarda:
                      00107 ; 1 + M + M + KxM + (K-1)xM + Mx2 + (K-1)Mx2 + (M-1) + 2 + (M-1)x2 + 2 =
                      00108 ; = (2 + 4M + 4KM) ciclos máquina. Para K=249 y M=1 supone 1002 ciclos máquina
                      00109 ; que a 4 MHz son 1002 µs = 1 ms.
                      00110 ;
MPASM  5.39                      JOYSTICK.ASM   5-17-2026  23:22:54         PAGE 10


LOC  OBJECT CODE     LINE SOURCE TEXT
  VALUE

00CF                  00111 Retardos_ms
00CF   00A7           00112         movwf   R_ContB                         ; Aporta 1 ciclo máquina.
00D0                  00113 R1ms_BucleExterno
00D0   30F9           00114         movlw   d'249'                          ; Aporta Mx1 ciclos máquina. Este es el valor de "K".
00D1   00A6           00115         movwf   R_ContA                         ; Aporta Mx1 ciclos máquina.
00D2                  00116 R1ms_BucleInterno
00D2   0000           00117         nop                                                     ; Aporta KxMx1 ciclos máquina.
00D3   0BA6           00118         decfsz  R_ContA,F                       ; (K-1)xMx1 cm (cuando no salta) + Mx2 cm (al saltar).
00D4   28D2           00119         goto    R1ms_BucleInterno       ; Aporta (K-1)xMx2 ciclos máquina.
00D5   0BA7           00120         decfsz  R_ContB,F                       ; (M-1)x1 cm (cuando no salta) + 2 cm (al saltar).
00D6   28D0           00121         goto    R1ms_BucleExterno       ; Aporta (M-1)x2 ciclos máquina.
00D7   0008           00122         return                                          ; El salto del retorno aporta 2 ciclos máquina.
                      00123 ;
                      00124 ;En total estas subrutinas tardan:
                      00125 ; - Retardo_200ms:      2 + 1 + 2 + (2 + 4M + 4KM) = 200007 cm = 200 ms. (M=200 y K=249).
                      00126 ; - Retardo_100ms:      2 + 1 + 2 + (2 + 4M + 4KM) = 100007 cm = 100 ms. (M=100 y K=249).
                      00127 ; - Retardo_50ms :      2 + 1 + 2 + (2 + 4M + 4KM) =  50007 cm =  50 ms. (M= 50 y K=249).
                      00128 ; - Retardo_20ms :      2 + 1 + 2 + (2 + 4M + 4KM) =  20007 cm =  20 ms. (M= 20 y K=249).
                      00129 ; - Retardo_10ms :      2 + 1 + 2 + (2 + 4M + 4KM) =  10007 cm =  10 ms. (M= 10 y K=249).
                      00130 ; - Retardo_5ms  :      2 + 1 + 2 + (2 + 4M + 4KM) =   5007 cm =   5 ms. (M=  5 y K=249).
                      00131 ; - Retardo_2ms  :      2 + 1 + 2 + (2 + 4M + 4KM) =   2007 cm =   2 ms. (M=  2 y K=249).
                      00132 ; - Retardo_1ms  :      2 + 1     + (2 + 4M + 4KM) =   1005 cm =   1 ms. (M=  1 y K=249).
                      00133 ;
                      00134 ; RETARDOS de 0.5 hasta 20 segundos ---------------------------------------------------
                      00135 ;
00D8                  00136 Retardo_20s                                             ; La llamada "call" aporta 2 ciclos máquina.
00D8   30C8           00137         movlw   d'200'                          ; Aporta 1 ciclo máquina. Este es el valor de "N".
00D9   28E3           00138         goto    Retardo_1Decima         ; Aporta 2 ciclos máquina.
00DA                  00139 Retardo_10s                                             ; La llamada "call" aporta 2 ciclos máquina.
00DA   3064           00140         movlw   d'100'                          ; Aporta 1 ciclo máquina. Este es el valor de "N".
00DB   28E3           00141         goto    Retardo_1Decima         ; Aporta 2 ciclos máquina.
00DC                  00142 Retardo_5s                                              ; La llamada "call" aporta 2 ciclos máquina.
00DC   3032           00143         movlw   d'50'                           ; Aporta 1 ciclo máquina. Este es el valor de "N".
00DD   28E3           00144         goto    Retardo_1Decima         ; Aporta 2 ciclos máquina.
00DE                  00145 Retardo_2s                                              ; La llamada "call" aporta 2 ciclos máquina.
00DE   3014           00146         movlw   d'20'                           ; Aporta 1 ciclo máquina. Este es el valor de "N".
00DF   28E3           00147         goto    Retardo_1Decima         ; Aporta 2 ciclos máquina.
00E0                  00148 Retardo_1s                                              ; La llamada "call" aporta 2 ciclos máquina.
00E0   300A           00149         movlw   d'10'                           ; Aporta 1 ciclo máquina. Este es el valor de "N".
00E1   28E3           00150         goto    Retardo_1Decima         ; Aporta 2 ciclos máquina.
00E2                  00151 Retardo_500ms                                   ; La llamada "call" aporta 2 ciclos máquina.
00E2   3005           00152         movlw   d'5'                            ; Aporta 1 ciclo máquina. Este es el valor de "N".
                      00153 ;
                      00154 ; El próximo bloque "Retardo_1Decima" tarda:
                      00155 ; 1 + N + N + MxN + MxN + KxMxN + (K-1)xMxN + MxNx2 + (K-1)xMxNx2 +
                      00156 ;   + (M-1)xN + Nx2 + (M-1)xNx2 + (N-1) + 2 + (N-1)x2 + 2 =
                      00157 ; = (2 + 4M + 4MN + 4KM) ciclos máquina. Para K=249, M=100 y N=1 supone 100011
                      00158 ; ciclos máquina que a 4 MHz son 100011 µs = 100 ms = 0,1 s = 1 décima de segundo.
                      00159 ;
00E3                  00160 Retardo_1Decima
00E3   00A8           00161         movwf   R_ContC                         ; Aporta 1 ciclo máquina.
00E4                  00162 R1Decima_BucleExterno2
00E4   3064           00163         movlw   d'100'                          ; Aporta Nx1 ciclos máquina. Este es el valor de "M".
MPASM  5.39                      JOYSTICK.ASM   5-17-2026  23:22:54         PAGE 11


LOC  OBJECT CODE     LINE SOURCE TEXT
  VALUE

00E5   00A7           00164         movwf   R_ContB                         ; Aporta Nx1 ciclos máquina.
00E6                  00165 R1Decima_BucleExterno
00E6   30F9           00166         movlw   d'249'                          ; Aporta MxNx1 ciclos máquina. Este es el valor de "K".
00E7   00A6           00167         movwf   R_ContA                         ; Aporta MxNx1 ciclos máquina.
00E8                  00168 R1Decima_BucleInterno          
00E8   0000           00169         nop                                                     ; Aporta KxMxNx1 ciclos máquina.
00E9   0BA6           00170         decfsz  R_ContA,F                       ; (K-1)xMxNx1 cm (si no salta) + MxNx2 cm (al saltar).
00EA   28E8           00171         goto    R1Decima_BucleInterno   ; Aporta (K-1)xMxNx2 ciclos máquina.
00EB   0BA7           00172         decfsz  R_ContB,F                       ; (M-1)xNx1 cm (cuando no salta) + Nx2 cm (al saltar).
00EC   28E6           00173         goto    R1Decima_BucleExterno   ; Aporta (M-1)xNx2 ciclos máquina.
00ED   0BA8           00174         decfsz  R_ContC,F                       ; (N-1)x1 cm (cuando no salta) + 2 cm (al saltar).
00EE   28E4           00175         goto    R1Decima_BucleExterno2  ; Aporta (N-1)x2 ciclos máquina.
00EF   0008           00176         return                                          ; El salto del retorno aporta 2 ciclos máquina.
                      00177 ;
                      00178 ;En total estas subrutinas tardan:
                      00179 ; - Retardo_20s:        2 + 1 + 2 + (2 + 4N + 4MN + 4KMN) = 20000807 cm = 20 s.
                      00180 ;                       (N=200, M=100 y K=249).
                      00181 ; - Retardo_10s:        2 + 1 + 2 + (2 + 4N + 4MN + 4KMN) = 10000407 cm = 10 s.
                      00182 ;                       (N=100, M=100 y K=249).
                      00183 ; - Retardo_5s:         2 + 1 + 2 + (2 + 4N + 4MN + 4KMN) =  5000207 cm =  5 s.
                      00184 ;                       (N= 50, M=100 y K=249).
                      00185 ; - Retardo_2s:         2 + 1 + 2 + (2 + 4N + 4MN + 4KMN) =  2000087 cm =  2 s.
                      00186 ;                       (N= 20, M=100 y K=249).
                      00187 ; - Retardo_1s:         2 + 1 + 2 + (2 + 4N + 4MN + 4KMN) =  1000047 cm =  1 s.
                      00188 ;                       (N= 10, M=100 y K=249).
                      00189 ; - Retardo_500ms:      2 + 1     + (2 + 4N + 4MN + 4KMN) =   500025 cm = 0,5 s.
                      00190 ;                       (N=  5, M=100 y K=249).
                      00191 
                      00192 ;       ===================================================================
                      00193 ;         Del libro "MICROCONTROLADOR PIC16F84. DESARROLLO DE PROYECTOS"
                      00194 ;         E. Palacios, F. Remiro y L. López.            www.pic16f84a.com
                      00195 ;         Editorial Ra-Ma.  www.ra-ma.es
                      00196 ;       ===================================================================
                      00197 
                      00198 
                      00199 
                      00200 
                      00315 
Warning[205]: Found directive in column 1. (END)
                      00316 END
MPASM  5.39                      JOYSTICK.ASM   5-17-2026  23:22:54         PAGE 12


SYMBOL TABLE
  LABEL                             VALUE 

ACKDT                             00000005
ACKEN                             00000004
ACKSTAT                           00000006
ADCON0                            0000001F
ADCON1                            0000009F
ADCS0                             00000006
ADCS1                             00000007
ADCS2                             00000006
ADDEN                             00000003
ADFM                              00000007
ADIE                              00000006
ADIF                              00000006
ADON                              00000000
ADRESH                            0000001E
ADRESHIGHX                        00000023
ADRESHIGHY                        00000025
ADRESL                            0000009E
ADRESLESSX                        00000022
ADRESLESSY                        00000024
AXIS_X                            0000001C
AXIS_X_LEFT                       00000048
AXIS_X_RIGHT                      00000038
AXIS_Y                            00000057
AXIS_Y_DOWN                       00000082
AXIS_Y_UP                         00000073
BCLIE                             00000003
BCLIF                             00000003
BF                                00000000
BRGH                              00000002
C                                 00000000
C1INV                             00000004
C1OUT                             00000006
C2INV                             00000005
C2OUT                             00000007
CCP1CON                           00000017
CCP1IE                            00000002
CCP1IF                            00000002
CCP1M0                            00000000
CCP1M1                            00000001
CCP1M2                            00000002
CCP1M3                            00000003
CCP1X                             00000005
CCP1Y                             00000004
CCP2CON                           0000001D
CCP2IE                            00000000
CCP2IF                            00000000
CCP2M0                            00000000
CCP2M1                            00000001
CCP2M2                            00000002
CCP2M3                            00000003
CCP2X                             00000005
CCP2Y                             00000004
CCPR1                             00000015
MPASM  5.39                      JOYSTICK.ASM   5-17-2026  23:22:54         PAGE 13


SYMBOL TABLE
  LABEL                             VALUE 

CCPR1H                            00000016
CCPR1L                            00000015
CCPR2                             0000001B
CCPR2H                            0000001C
CCPR2L                            0000001B
CHS0                              00000003
CHS1                              00000004
CHS2                              00000005
CIS                               00000003
CKE                               00000006
CKP                               00000004
CM0                               00000000
CM1                               00000001
CM2                               00000002
CMCON                             0000009C
CMIE                              00000006
CMIF                              00000006
CONFIGURACION                     00000000
CONT                              00000020
CREN                              00000004
CSRC                              00000007
CVR0                              00000000
CVR1                              00000001
CVR2                              00000002
CVR3                              00000003
CVRCON                            0000009D
CVREN                             00000007
CVROE                             00000006
CVRR                              00000005
D                                 00000005
DATA_ADDRESS                      00000005
DC                                00000001
DEADPOINT                         00000092
D_A                               00000005
D_NOT_A                           00000005
EEADR                             0000010D
EEADRH                            0000010F
EECON1                            0000018C
EECON2                            0000018D
EEDATA                            0000010C
EEDATH                            0000010E
EEIE                              00000004
EEIF                              00000004
EEPGD                             00000007
F                                 00000001
FERR                              00000002
FSR                               00000004
GCEN                              00000007
GIE                               00000007
GO                                00000002
GO_DONE                           00000002
GO_NOT_DONE                       00000002
I2C_DATA                          00000005
MPASM  5.39                      JOYSTICK.ASM   5-17-2026  23:22:54         PAGE 14


SYMBOL TABLE
  LABEL                             VALUE 

I2C_READ                          00000002
I2C_START                         00000003
I2C_STOP                          00000004
IBF                               00000007
IBOV                              00000005
INDF                              00000000
INTCON                            0000000B
INTE                              00000004
INTEDG                            00000006
INTF                              00000001
IRP                               00000007
MAIN                              00000017
NOT_A                             00000005
NOT_ADDRESS                       00000005
NOT_BO                            00000000
NOT_BOR                           00000000
NOT_DONE                          00000002
NOT_PD                            00000003
NOT_POR                           00000001
NOT_RBPU                          00000007
NOT_RC8                           00000006
NOT_T1SYNC                        00000002
NOT_TO                            00000004
NOT_TX8                           00000006
NOT_W                             00000002
NOT_WRITE                         00000002
OBF                               00000006
OERR                              00000001
OPTION_REG                        00000081
P                                 00000004
PCFG0                             00000000
PCFG1                             00000001
PCFG2                             00000002
PCFG3                             00000003
PCL                               00000002
PCLATH                            0000000A
PCON                              0000008E
PEIE                              00000006
PEN                               00000002
PIE1                              0000008C
PIE2                              0000008D
PIR1                              0000000C
PIR2                              0000000D
PORTA                             00000005
PORTB                             00000006
PORTC                             00000007
PORTD                             00000008
PORTE                             00000009
PR2                               00000092
PS0                               00000000
PS1                               00000001
PS2                               00000002
PSA                               00000003
MPASM  5.39                      JOYSTICK.ASM   5-17-2026  23:22:54         PAGE 15


SYMBOL TABLE
  LABEL                             VALUE 

PSPIE                             00000007
PSPIF                             00000007
PSPMODE                           00000004
PUSH_JOYSTICK                     00000098
R                                 00000002
R1Decima_BucleExterno             000000E6
R1Decima_BucleExterno2            000000E4
R1Decima_BucleInterno             000000E8
R1ms_BucleExterno                 000000D0
R1ms_BucleInterno                 000000D2
RA0                               00000000
RA1                               00000001
RA2                               00000002
RA3                               00000003
RA4                               00000004
RA5                               00000005
RB0                               00000000
RB1                               00000001
RB2                               00000002
RB3                               00000003
RB4                               00000004
RB5                               00000005
RB6                               00000006
RB7                               00000007
RBIE                              00000003
RBIF                              00000000
RC0                               00000000
RC1                               00000001
RC2                               00000002
RC3                               00000003
RC4                               00000004
RC5                               00000005
RC6                               00000006
RC7                               00000007
RC8_9                             00000006
RC9                               00000006
RCD8                              00000000
RCEN                              00000003
RCIE                              00000005
RCIF                              00000005
RCREG                             0000001A
RCSTA                             00000018
RD                                00000000
RD0                               00000000
RD1                               00000001
RD2                               00000002
RD3                               00000003
RD4                               00000004
RD5                               00000005
RD6                               00000006
RD7                               00000007
RE0                               00000000
RE1                               00000001
MPASM  5.39                      JOYSTICK.ASM   5-17-2026  23:22:54         PAGE 16


SYMBOL TABLE
  LABEL                             VALUE 

RE2                               00000002
READ_WRITE                        00000002
RP0                               00000005
RP1                               00000006
RSEN                              00000001
RX9                               00000006
RX9D                              00000000
R_ContA                           00000026
R_ContB                           00000027
R_ContC                           00000028
R_NOT_W                           00000002
R_W                               00000002
RetardoMicros                     000000BC
Retardo_100micros                 000000B6
Retardo_100ms                     000000C2
Retardo_10micros                  000000A9
Retardo_10ms                      000000C8
Retardo_10s                       000000DA
Retardo_1Decima                   000000E3
Retardo_1ms                       000000CE
Retardo_1s                        000000E0
Retardo_200micros                 000000B3
Retardo_200ms                     000000C0
Retardo_20micros                  000000BB
Retardo_20ms                      000000C6
Retardo_20s                       000000D8
Retardo_2ms                       000000CC
Retardo_2s                        000000DE
Retardo_4micros                   000000AF
Retardo_500micros                 000000B0
Retardo_500ms                     000000E2
Retardo_50micros                  000000B8
Retardo_50ms                      000000C4
Retardo_5micros                   000000AE
Retardo_5ms                       000000CA
Retardo_5s                        000000DC
Retardos_ms                       000000CF
Rmicros_Bucle                     000000BD
S                                 00000003
SEN                               00000000
SMP                               00000007
SPBRG                             00000099
SPEN                              00000007
SREN                              00000005
SSPADD                            00000093
SSPBUF                            00000013
SSPCON                            00000014
SSPCON2                           00000091
SSPEN                             00000005
SSPIE                             00000003
SSPIF                             00000003
SSPM0                             00000000
SSPM1                             00000001
MPASM  5.39                      JOYSTICK.ASM   5-17-2026  23:22:54         PAGE 17


SYMBOL TABLE
  LABEL                             VALUE 

SSPM2                             00000002
SSPM3                             00000003
SSPOV                             00000006
SSPSTAT                           00000094
STATUS                            00000003
SYNC                              00000004
T0CS                              00000005
T0IE                              00000005
T0IF                              00000002
T0SE                              00000004
T1CKPS0                           00000004
T1CKPS1                           00000005
T1CON                             00000010
T1INSYNC                          00000002
T1OSCEN                           00000003
T1SYNC                            00000002
T2CKPS0                           00000000
T2CKPS1                           00000001
T2CON                             00000012
TMR0                              00000001
TMR0IE                            00000005
TMR0IF                            00000002
TMR1CS                            00000001
TMR1H                             0000000F
TMR1IE                            00000000
TMR1IF                            00000000
TMR1L                             0000000E
TMR1ON                            00000000
TMR2                              00000011
TMR2IE                            00000001
TMR2IF                            00000001
TMR2ON                            00000002
TOUTPS0                           00000003
TOUTPS1                           00000004
TOUTPS2                           00000005
TOUTPS3                           00000006
TRISA                             00000085
TRISA0                            00000000
TRISA1                            00000001
TRISA2                            00000002
TRISA3                            00000003
TRISA4                            00000004
TRISA5                            00000005
TRISB                             00000086
TRISB0                            00000000
TRISB1                            00000001
TRISB2                            00000002
TRISB3                            00000003
TRISB4                            00000004
TRISB5                            00000005
TRISB6                            00000006
TRISB7                            00000007
TRISC                             00000087
MPASM  5.39                      JOYSTICK.ASM   5-17-2026  23:22:54         PAGE 18


SYMBOL TABLE
  LABEL                             VALUE 

TRISC0                            00000000
TRISC1                            00000001
TRISC2                            00000002
TRISC3                            00000003
TRISC4                            00000004
TRISC5                            00000005
TRISC6                            00000006
TRISC7                            00000007
TRISD                             00000088
TRISD0                            00000000
TRISD1                            00000001
TRISD2                            00000002
TRISD3                            00000003
TRISD4                            00000004
TRISD5                            00000005
TRISD6                            00000006
TRISD7                            00000007
TRISE                             00000089
TRISE0                            00000000
TRISE1                            00000001
TRISE2                            00000002
TRMT                              00000001
TX8_9                             00000006
TX9                               00000006
TX9D                              00000000
TXD8                              00000000
TXEN                              00000005
TXIE                              00000004
TXIF                              00000004
TXREG                             00000019
TXSTA                             00000098
UA                                00000001
VAR_CENTRO                        00000021
W                                 00000000
WCOL                              00000007
WR                                00000001
WREN                              00000002
WRERR                             00000003
Z                                 00000002
_BODEN_OFF                        00003FBF
_BODEN_ON                         00003FFF
_CONFIG                           00002007
_CPD_OFF                          00003FFF
_CPD_ON                           00003EFF
_CP_ALL                           00001FFF
_CP_OFF                           00003FFF
_DEBUG_OFF                        00003FFF
_DEBUG_ON                         000037FF
_DEVID1                           00002006
_HS_OSC                           00003FFE
_IDLOC0                           00002000
_IDLOC1                           00002001
_IDLOC2                           00002002
MPASM  5.39                      JOYSTICK.ASM   5-17-2026  23:22:54         PAGE 19


SYMBOL TABLE
  LABEL                             VALUE 

_IDLOC3                           00002003
_LP_OSC                           00003FFC
_LVP_OFF                          00003F7F
_LVP_ON                           00003FFF
_PWRTE_OFF                        00003FFF
_PWRTE_ON                         00003FF7
_RC_OSC                           00003FFF
_WDT_OFF                          00003FFB
_WDT_ON                           00003FFF
_WRT_1FOURTH                      00003BFF
_WRT_256                          00003DFF
_WRT_HALF                         000039FF
_WRT_OFF                          00003FFF
_XT_OSC                           00003FFD
__16F877A                         00000001


MEMORY USAGE MAP ('X' = Used,  '-' = Unused)

0000 : XXXXXXXXXXXXXXXX XXXXXXXXXXXXXXXX XXXXXXXXXXXXXXXX XXXXXXXXXXXXXXXX
0040 : XXXXXXXXXXXXXXXX XXXXXXXXXXXXXXXX XXXXXXXXXXXXXXXX XXXXXXXXXXXXXXXX
0080 : XXXXXXXXXXXXXXXX XXXXXXXXXXXXXXXX XXXXXXXXXXXXXXXX XXXXXXXXXXXXXXXX
00C0 : XXXXXXXXXXXXXXXX XXXXXXXXXXXXXXXX XXXXXXXXXXXXXXXX ----------------
2000 : -------X-------- ---------------- ---------------- ----------------

All other memory blocks unused.

Program Memory Words Used:   240
Program Memory Words Free:  7952


Errors   :     0
Warnings :    37 reported,     0 suppressed
Messages :     8 reported,     0 suppressed

