MPLINK 4.38, Linker
Linker Map File - Created Mon May 25 04:17:12 2026

                                 Section Info
                  Section       Type    Address   Location Size(Bytes)
                ---------  ---------  ---------  ---------  ---------
                   .org_0       code   0x000000    program   0x000000
                   .org_1       code   0x000000    program   0x00013a
  .config_2007_JOYSTICK.O       code   0x002007    program   0x000002



                              Program Memory Usage 
                               Start         End      
                           ---------   ---------      
                            0x000000    0x00009c      
                            0x002007    0x002007      
            158 out of 8454 program addresses used, program memory utilization is 1%



                              Symbols - Sorted by Name
                     Name    Address   Location    Storage File                     
                ---------  ---------  ---------  --------- ---------                
              AXIS_X_LEFT   0x000037    program     static C:\Users\freem\Desktop\Micros_woo\P9\joystick.asm
             AXIS_X_RIGHT   0x000027    program     static C:\Users\freem\Desktop\Micros_woo\P9\joystick.asm
            CONFIGURACION   0x000000    program     static C:\Users\freem\Desktop\Micros_woo\P9\joystick.asm
                DEADPOINT   0x000047    program     static C:\Users\freem\Desktop\Micros_woo\P9\joystick.asm
                  GO_LEFT   0x000025    program     static C:\Users\freem\Desktop\Micros_woo\P9\joystick.asm
                 GO_RIGHT   0x000023    program     static C:\Users\freem\Desktop\Micros_woo\P9\joystick.asm
                     MAIN   0x000011    program     static C:\Users\freem\Desktop\Micros_woo\P9\joystick.asm
            PUSH_JOYSTICK   0x00004a    program     static C:\Users\freem\Desktop\Micros_woo\P9\joystick.asm
    R1Decima_BucleExterno   0x000093    program     static C:\Program Files (x86)\Microchip\MPASM Suite\Retardos.inc
   R1Decima_BucleExterno2   0x000091    program     static C:\Program Files (x86)\Microchip\MPASM Suite\Retardos.inc
    R1Decima_BucleInterno   0x000095    program     static C:\Program Files (x86)\Microchip\MPASM Suite\Retardos.inc
        R1ms_BucleExterno   0x00007d    program     static C:\Program Files (x86)\Microchip\MPASM Suite\Retardos.inc
        R1ms_BucleInterno   0x00007f    program     static C:\Program Files (x86)\Microchip\MPASM Suite\Retardos.inc
            RetardoMicros   0x000069    program     static C:\Program Files (x86)\Microchip\MPASM Suite\Retardos.inc
        Retardo_100micros   0x000063    program     static C:\Program Files (x86)\Microchip\MPASM Suite\Retardos.inc
            Retardo_100ms   0x00006f    program     static C:\Program Files (x86)\Microchip\MPASM Suite\Retardos.inc
         Retardo_10micros   0x000056    program     static C:\Program Files (x86)\Microchip\MPASM Suite\Retardos.inc
             Retardo_10ms   0x000075    program     static C:\Program Files (x86)\Microchip\MPASM Suite\Retardos.inc
              Retardo_10s   0x000087    program     static C:\Program Files (x86)\Microchip\MPASM Suite\Retardos.inc
          Retardo_1Decima   0x000090    program     static C:\Program Files (x86)\Microchip\MPASM Suite\Retardos.inc
              Retardo_1ms   0x00007b    program     static C:\Program Files (x86)\Microchip\MPASM Suite\Retardos.inc
               Retardo_1s   0x00008d    program     static C:\Program Files (x86)\Microchip\MPASM Suite\Retardos.inc
        Retardo_200micros   0x000060    program     static C:\Program Files (x86)\Microchip\MPASM Suite\Retardos.inc
            Retardo_200ms   0x00006d    program     static C:\Program Files (x86)\Microchip\MPASM Suite\Retardos.inc
         Retardo_20micros   0x000068    program     static C:\Program Files (x86)\Microchip\MPASM Suite\Retardos.inc
             Retardo_20ms   0x000073    program     static C:\Program Files (x86)\Microchip\MPASM Suite\Retardos.inc
              Retardo_20s   0x000085    program     static C:\Program Files (x86)\Microchip\MPASM Suite\Retardos.inc
              Retardo_2ms   0x000079    program     static C:\Program Files (x86)\Microchip\MPASM Suite\Retardos.inc
               Retardo_2s   0x00008b    program     static C:\Program Files (x86)\Microchip\MPASM Suite\Retardos.inc
          Retardo_4micros   0x00005c    program     static C:\Program Files (x86)\Microchip\MPASM Suite\Retardos.inc
        Retardo_500micros   0x00005d    program     static C:\Program Files (x86)\Microchip\MPASM Suite\Retardos.inc
            Retardo_500ms   0x00008f    program     static C:\Program Files (x86)\Microchip\MPASM Suite\Retardos.inc
         Retardo_50micros   0x000065    program     static C:\Program Files (x86)\Microchip\MPASM Suite\Retardos.inc
             Retardo_50ms   0x000071    program     static C:\Program Files (x86)\Microchip\MPASM Suite\Retardos.inc
          Retardo_5micros   0x00005b    program     static C:\Program Files (x86)\Microchip\MPASM Suite\Retardos.inc
              Retardo_5ms   0x000077    program     static C:\Program Files (x86)\Microchip\MPASM Suite\Retardos.inc
               Retardo_5s   0x000089    program     static C:\Program Files (x86)\Microchip\MPASM Suite\Retardos.inc
              Retardos_ms   0x00007c    program     static C:\Program Files (x86)\Microchip\MPASM Suite\Retardos.inc
            Rmicros_Bucle   0x00006a    program     static C:\Program Files (x86)\Microchip\MPASM Suite\Retardos.inc
                 WAIT_ADC   0x000014    program     static C:\Users\freem\Desktop\Micros_woo\P9\joystick.asm



                              Symbols - Sorted by Address
                     Name    Address   Location    Storage File                     
                ---------  ---------  ---------  --------- ---------                
            CONFIGURACION   0x000000    program     static C:\Users\freem\Desktop\Micros_woo\P9\joystick.asm
                     MAIN   0x000011    program     static C:\Users\freem\Desktop\Micros_woo\P9\joystick.asm
                 WAIT_ADC   0x000014    program     static C:\Users\freem\Desktop\Micros_woo\P9\joystick.asm
                 GO_RIGHT   0x000023    program     static C:\Users\freem\Desktop\Micros_woo\P9\joystick.asm
                  GO_LEFT   0x000025    program     static C:\Users\freem\Desktop\Micros_woo\P9\joystick.asm
             AXIS_X_RIGHT   0x000027    program     static C:\Users\freem\Desktop\Micros_woo\P9\joystick.asm
              AXIS_X_LEFT   0x000037    program     static C:\Users\freem\Desktop\Micros_woo\P9\joystick.asm
                DEADPOINT   0x000047    program     static C:\Users\freem\Desktop\Micros_woo\P9\joystick.asm
            PUSH_JOYSTICK   0x00004a    program     static C:\Users\freem\Desktop\Micros_woo\P9\joystick.asm
         Retardo_10micros   0x000056    program     static C:\Program Files (x86)\Microchip\MPASM Suite\Retardos.inc
          Retardo_5micros   0x00005b    program     static C:\Program Files (x86)\Microchip\MPASM Suite\Retardos.inc
          Retardo_4micros   0x00005c    program     static C:\Program Files (x86)\Microchip\MPASM Suite\Retardos.inc
        Retardo_500micros   0x00005d    program     static C:\Program Files (x86)\Microchip\MPASM Suite\Retardos.inc
        Retardo_200micros   0x000060    program     static C:\Program Files (x86)\Microchip\MPASM Suite\Retardos.inc
        Retardo_100micros   0x000063    program     static C:\Program Files (x86)\Microchip\MPASM Suite\Retardos.inc
         Retardo_50micros   0x000065    program     static C:\Program Files (x86)\Microchip\MPASM Suite\Retardos.inc
         Retardo_20micros   0x000068    program     static C:\Program Files (x86)\Microchip\MPASM Suite\Retardos.inc
            RetardoMicros   0x000069    program     static C:\Program Files (x86)\Microchip\MPASM Suite\Retardos.inc
            Rmicros_Bucle   0x00006a    program     static C:\Program Files (x86)\Microchip\MPASM Suite\Retardos.inc
            Retardo_200ms   0x00006d    program     static C:\Program Files (x86)\Microchip\MPASM Suite\Retardos.inc
            Retardo_100ms   0x00006f    program     static C:\Program Files (x86)\Microchip\MPASM Suite\Retardos.inc
             Retardo_50ms   0x000071    program     static C:\Program Files (x86)\Microchip\MPASM Suite\Retardos.inc
             Retardo_20ms   0x000073    program     static C:\Program Files (x86)\Microchip\MPASM Suite\Retardos.inc
             Retardo_10ms   0x000075    program     static C:\Program Files (x86)\Microchip\MPASM Suite\Retardos.inc
              Retardo_5ms   0x000077    program     static C:\Program Files (x86)\Microchip\MPASM Suite\Retardos.inc
              Retardo_2ms   0x000079    program     static C:\Program Files (x86)\Microchip\MPASM Suite\Retardos.inc
              Retardo_1ms   0x00007b    program     static C:\Program Files (x86)\Microchip\MPASM Suite\Retardos.inc
              Retardos_ms   0x00007c    program     static C:\Program Files (x86)\Microchip\MPASM Suite\Retardos.inc
        R1ms_BucleExterno   0x00007d    program     static C:\Program Files (x86)\Microchip\MPASM Suite\Retardos.inc
        R1ms_BucleInterno   0x00007f    program     static C:\Program Files (x86)\Microchip\MPASM Suite\Retardos.inc
              Retardo_20s   0x000085    program     static C:\Program Files (x86)\Microchip\MPASM Suite\Retardos.inc
              Retardo_10s   0x000087    program     static C:\Program Files (x86)\Microchip\MPASM Suite\Retardos.inc
               Retardo_5s   0x000089    program     static C:\Program Files (x86)\Microchip\MPASM Suite\Retardos.inc
               Retardo_2s   0x00008b    program     static C:\Program Files (x86)\Microchip\MPASM Suite\Retardos.inc
               Retardo_1s   0x00008d    program     static C:\Program Files (x86)\Microchip\MPASM Suite\Retardos.inc
            Retardo_500ms   0x00008f    program     static C:\Program Files (x86)\Microchip\MPASM Suite\Retardos.inc
          Retardo_1Decima   0x000090    program     static C:\Program Files (x86)\Microchip\MPASM Suite\Retardos.inc
   R1Decima_BucleExterno2   0x000091    program     static C:\Program Files (x86)\Microchip\MPASM Suite\Retardos.inc
    R1Decima_BucleExterno   0x000093    program     static C:\Program Files (x86)\Microchip\MPASM Suite\Retardos.inc
    R1Decima_BucleInterno   0x000095    program     static C:\Program Files (x86)\Microchip\MPASM Suite\Retardos.inc


