MPASM  5.39                      JOYSTICK.ASM   5-25-2026  4:17:11         PAGE  1


LOC  OBJECT CODE     LINE SOURCE TEXT
  VALUE

Warning[205]: Found directive in column 1. (LIST)
                      00001 LIST p=16F877A
Warning[205]: Found directive in column 1. (INCLUDE)
                      00002 INCLUDE <p16F877A.inc>
                      00001         LIST
                      00002 
                      00003 ;==========================================================================
                      00004 ;  MPASM PIC16F877A processor include
                      00005 ; 
                      00006 ;  (c) Copyright 1999-2010 Microchip Technology, All rights reserved
                      00007 ;==========================================================================
                      00008 
                      00555         LIST
                      00003 
Warning[205]: Found directive in column 1. (__CONFIG)
2007   3F31           00004 __CONFIG  _XT_OSC & _WDT_OFF & _PWRTE_ON & _BODEN_OFF & _LVP_OFF
                      00005 
Warning[205]: Found directive in column 1. (ORG)
0000                  00006 ORG 0x00
                      00007 
Warning[205]: Found directive in column 1. (CBLOCK)
                      00008 CBLOCK 0x20
  00000020            00009 CONT        ; Contador para el parpadeo del push
  00000021            00010 ADRESHIGHX  ; Guarda la lectura de 8 bits del ADC
Warning[205]: Found directive in column 1. (ENDC)
                      00011 ENDC
                      00012 
0000                  00013 CONFIGURACION
0000   1683           00014     BSF STATUS,RP0
Warning[203]: Found opcode in column 1. (BCF)
Message[302]: Register in operand not in bank 0.  Ensure that bank bits are correct.
0001   1381           00015 BCF OPTION_REG, 7
                      00016     ; Puerto A: RA0 como entrada (Analogica)
0002   3001           00017     MOVLW 0x01
Message[302]: Register in operand not in bank 0.  Ensure that bank bits are correct.
0003   0085           00018     MOVWF TRISA
                      00019 
                      00020     ; Puerto B: RB0 como salida (Centro), RB2 como entrada (Push button)
0004   3004           00021     MOVLW b'00000100'
Message[302]: Register in operand not in bank 0.  Ensure that bank bits are correct.
0005   0086           00022     MOVWF TRISB
                      00023 
                      00024     ; Puerto C: RC0-RC7 todos como salidas (Derecha e Izquierda)
Message[302]: Register in operand not in bank 0.  Ensure that bank bits are correct.
0006   0187           00025     CLRF TRISC
                      00026 
                      00027     ; Configuracion de ADCON1 (Justificado a la Izquierda, solo AN0 analogico)
0007   300E           00028     MOVLW b'00001110'
Message[302]: Register in operand not in bank 0.  Ensure that bank bits are correct.
0008   009F           00029     MOVWF ADCON1
                      00030 
0009   1283           00031     BCF STATUS,RP0
                      00032 
MPASM  5.39                      JOYSTICK.ASM   5-25-2026  4:17:11         PAGE  2


LOC  OBJECT CODE     LINE SOURCE TEXT
  VALUE

                      00033     ; Configuracion ADCON0 (Fosc/64, Canal 0, Modulo Encendido)
000A   3081           00034     MOVLW b'10000001'
000B   009F           00035     MOVWF ADCON0
                      00036 
                      00037     ; Limpiar puertos de salida iniciales
000C   0187           00038     CLRF PORTC
000D   1006           00039     BCF PORTB,0
                      00040 
000E   3003           00041     MOVLW 0x03
000F   00A0           00042     MOVWF CONT
                      00043 
0010   2073           00044     CALL Retardo_20ms
                      00045 
0011                  00046 MAIN
                      00047     ; 1. Revisar boton PUSH
0011   1D06           00048     BTFSS PORTB,2
0012   204A           00049     CALL PUSH_JOYSTICK
                      00050 
                      00051     ; 2. Iniciar lectura del ADC (Eje X)
0013   151F           00052     BSF ADCON0, 2       ; Levantar bandera GO/DONE
0014                  00053 WAIT_ADC:
0014   2073           00054     CALL Retardo_20ms
                      00055 
                      00056 
0015   191F           00057     BTFSC ADCON0, 2
0016   2814           00058     GOTO WAIT_ADC       ; Esperar a que termine la conversion
                      00059 
0017   081E           00060     MOVF ADRESH, W
0018   00A1           00061     MOVWF ADRESHIGHX    ; Guardar solo los 8 bits mas altos (0 a 255)
                      00062 
                      00063     ; 3. Logica de umbrales con Ventana de Histeresis
                      00064     
                      00065     ; Â¿Es menor a 100? (Voltaje bajo, aprox 0V -> Derecha)
0019   3064           00066     MOVLW d'100'
001A   0221           00067     SUBWF ADRESHIGHX, W
001B   1C03           00068     BTFSS STATUS, C     
001C   2823           00069     GOTO GO_RIGHT
                      00070 
                      00071     ; Â¿Es mayor a 150? (Voltaje alto, aprox 5V -> Izquierda)
001D   0821           00072     MOVF ADRESHIGHX, W
001E   3C96           00073     SUBLW d'150'
001F   1C03           00074     BTFSS STATUS, C     
0020   2825           00075     GOTO GO_LEFT
                      00076 
                      00077     ; Si esta entre 100 y 150, el joystick esta en el centro
0021   2047           00078     CALL DEADPOINT
0022   2811           00079     GOTO MAIN
                      00080 
0023                  00081 GO_RIGHT:
0023   2027           00082     CALL AXIS_X_RIGHT
0024   2811           00083     GOTO MAIN
                      00084 
0025                  00085 GO_LEFT:
MPASM  5.39                      JOYSTICK.ASM   5-25-2026  4:17:11         PAGE  3


LOC  OBJECT CODE     LINE SOURCE TEXT
  VALUE

0025   2037           00086     CALL AXIS_X_LEFT
0026   2811           00087     GOTO MAIN
                      00088 
                      00089 
                      00090 ;---------------RUTINAS DE MOVIMIENTO-------------------
                      00091 
0027                  00092 AXIS_X_RIGHT
0027   1006           00093     BCF PORTB, 0        ; Apaga el led del centro
0028   0187           00094     CLRF PORTC          ; Limpia el puerto completo
                      00095     
0029   3001           00096     MOVLW b'00000001'   ; Enciende RC0
002A   0087           00097     MOVWF PORTC
002B   206D           00098     CALL Retardo_200ms
                      00099 
002C   3002           00100     MOVLW b'00000010'   ; Enciende RC1
002D   0087           00101     MOVWF PORTC
002E   206D           00102     CALL Retardo_200ms
                      00103 
002F   3004           00104     MOVLW b'00000100'   ; Enciende RC2
0030   0087           00105     MOVWF PORTC
0031   206D           00106     CALL Retardo_200ms
                      00107 
0032   3008           00108     MOVLW b'00001000'   ; Enciende RC3
0033   0087           00109     MOVWF PORTC
0034   206D           00110     CALL Retardo_200ms
                      00111     
0035   0187           00112     CLRF PORTC          ; Limpia para el siguiente ciclo
Warning[203]: Found opcode in column 1. (RETURN)
0036   0008           00113 RETURN
                      00114 
0037                  00115 AXIS_X_LEFT
0037   1006           00116     BCF PORTB, 0        ; Apaga el led del centro
0038   0187           00117     CLRF PORTC          ; Limpia el puerto completo
                      00118     
0039   3010           00119     MOVLW b'00010000'   ; Enciende RC4
003A   0087           00120     MOVWF PORTC
003B   206D           00121     CALL Retardo_200ms
                      00122 
003C   3020           00123     MOVLW b'00100000'   ; Enciende RC5
003D   0087           00124     MOVWF PORTC
003E   206D           00125     CALL Retardo_200ms
                      00126 
003F   3040           00127     MOVLW b'01000000'   ; Enciende RC6
0040   0087           00128     MOVWF PORTC
0041   206D           00129     CALL Retardo_200ms
                      00130 
0042   3080           00131     MOVLW b'10000000'   ; Enciende RC7
0043   0087           00132     MOVWF PORTC
0044   206D           00133     CALL Retardo_200ms
                      00134     
0045   0187           00135     CLRF PORTC          ; Limpia para el siguiente ciclo
Warning[203]: Found opcode in column 1. (RETURN)
0046   0008           00136 RETURN
MPASM  5.39                      JOYSTICK.ASM   5-25-2026  4:17:11         PAGE  4


LOC  OBJECT CODE     LINE SOURCE TEXT
  VALUE

                      00137 
0047                  00138 DEADPOINT
0047   0187           00139     CLRF PORTC          ; Apaga todos los leds de los lados
0048   1406           00140     BSF PORTB,0         ; Enciende solo el led del centro (RB0)
Warning[203]: Found opcode in column 1. (RETURN)
0049   0008           00141 RETURN
                      00142 
004A                  00143 PUSH_JOYSTICK
                      00144     ; Enciende absolutamente todos los LEDs
004A   30FF           00145     MOVLW b'11111111'
004B   0087           00146     MOVWF PORTC
004C   1406           00147     BSF PORTB,0
                      00148 
004D   208F           00149     CALL Retardo_500ms
                      00150 
                      00151     ; Apaga todos los LEDs
004E   0187           00152     CLRF PORTC
004F   1006           00153     BCF PORTB,0
                      00154 
0050   208F           00155     CALL Retardo_500ms
                      00156 
0051   0BA0           00157     DECFSZ CONT,1
0052   284A           00158     GOTO PUSH_JOYSTICK
                      00159 
0053   3003           00160     MOVLW 0x03          ; Restablecer contador para el proximo push
0054   00A0           00161     MOVWF CONT
Warning[203]: Found opcode in column 1. (RETURN)
0055   0008           00162 RETURN
                      00163 
                      00164 #include "Retardos.inc"
                      00001 ;**************************** Librería "RETARDOS.INC" *********************************
                      00002 ;
                      00003 ;       ===================================================================
                      00004 ;         Del libro "MICROCONTROLADOR PIC16F84. DESARROLLO DE PROYECTOS"
                      00005 ;         E. Palacios, F. Remiro y L. López.            www.pic16f84a.com
                      00006 ;         Editorial Ra-Ma.  www.ra-ma.es
                      00007 ;       ===================================================================
                      00008 ;
                      00009 ; Librería con múltiples subrutinas de retardos, desde 4 microsegundos hasta 20 segundos. 
                      00010 ; Además se pueden implementar otras subrutinas muy fácilmente.
                      00011 ;
                      00012 ; Se han calculado para un sistema microcontrolador con un PIC trabajando con un cristal
                      00013 ; de cuarzo a 4 MHz. Como cada ciclo máquina son 4 ciclos de reloj, resulta que cada
                      00014 ; ciclo máquina tarda 4 x 1/4MHz = 1 µs.
                      00015 ;
                      00016 ; En los comentarios, "cm" significa "ciclos máquina".
                      00017 ;
                      00018 ; ZONA DE DATOS *********************************************************************
                      00019 
                      00020         CBLOCK
  00000022            00021         R_ContA                                         ; Contadores para los retardos.
  00000023            00022         R_ContB
  00000024            00023         R_ContC
MPASM  5.39                      JOYSTICK.ASM   5-25-2026  4:17:11         PAGE  5


LOC  OBJECT CODE     LINE SOURCE TEXT
  VALUE

                      00024         ENDC
                      00025 ;
                      00026 ; RETARDOS de 4 hasta 10 microsegundos ---------------------------------------------------
                      00027 ;
                      00028 ; A continuación retardos pequeños teniendo en cuenta que para una frecuencia de 4 MHZ,
                      00029 ; la llamada a subrutina "call" tarda 2 ciclos máquina, el retorno de subrutina
                      00030 ; "return" toma otros 2 ciclos máquina y cada instrucción "nop" tarda 1 ciclo máquina.
                      00031 ;
0056                  00032 Retardo_10micros                                ; La llamada "call" aporta 2 ciclos máquina.
0056   0000           00033         nop                                                     ; Aporta 1 ciclo máquina.
0057   0000           00034         nop                                                     ; Aporta 1 ciclo máquina.
0058   0000           00035         nop                                                     ; Aporta 1 ciclo máquina.
0059   0000           00036         nop                                                     ; Aporta 1 ciclo máquina.
005A   0000           00037         nop                                                     ; Aporta 1 ciclo máquina.
005B                  00038 Retardo_5micros                                 ; La llamada "call" aporta 2 ciclos máquina.
005B   0000           00039         nop                                                     ; Aporta 1 ciclo máquina.
005C                  00040 Retardo_4micros                                 ; La llamada "call" aporta 2 ciclos máquina.
005C   0008           00041         return                                          ; El salto del retorno aporta 2 ciclos máquina.
                      00042 ;
                      00043 ; RETARDOS de 20 hasta 500 microsegundos ------------------------------------------------
                      00044 ;
005D                  00045 Retardo_500micros                               ; La llamada "call" aporta 2 ciclos máquina.
005D   0000           00046         nop                                                     ; Aporta 1 ciclo máquina.
005E   30A4           00047         movlw   d'164'                          ; Aporta 1 ciclo máquina. Este es el valor de "K".
005F   2869           00048         goto    RetardoMicros           ; Aporta 2 ciclos máquina.
0060                  00049 Retardo_200micros                               ; La llamada "call" aporta 2 ciclos máquina.
0060   0000           00050         nop                                                     ; Aporta 1 ciclo máquina.
0061   3040           00051         movlw   d'64'                           ; Aporta 1 ciclo máquina. Este es el valor de "K".
0062   2869           00052         goto    RetardoMicros           ; Aporta 2 ciclos máquina.
0063                  00053 Retardo_100micros                               ; La llamada "call" aporta 2 ciclos máquina.
0063   301F           00054         movlw   d'31'                           ; Aporta 1 ciclo máquina. Este es el valor de "K".
0064   2869           00055         goto    RetardoMicros           ; Aporta 2 ciclos máquina.
0065                  00056 Retardo_50micros                                ; La llamada "call" aporta 2 ciclos máquina.
0065   0000           00057         nop                                                     ; Aporta 1 ciclo máquina.
0066   300E           00058         movlw   d'14'                           ; Aporta 1 ciclo máquina. Este es el valor de "K".
0067   2869           00059         goto    RetardoMicros           ; Aporta 2 ciclos máquina.
0068                  00060 Retardo_20micros                                ; La llamada "call" aporta 2 ciclos máquina.
0068   3005           00061         movlw   d'5'                            ; Aporta 1 ciclo máquina. Este es el valor de "K".
                      00062 ;
                      00063 ; El próximo bloque "RetardoMicros" tarda:
                      00064 ; 1 + (K-1) + 2 + (K-1)x2 + 2 = (2 + 3K) ciclos máquina.
                      00065 ;
0069                  00066 RetardoMicros
0069   00A2           00067         movwf   R_ContA                         ; Aporta 1 ciclo máquina.
006A                  00068 Rmicros_Bucle
006A   0BA2           00069         decfsz  R_ContA,F                       ; (K-1)x1 cm (cuando no salta) + 2 cm (al saltar).
006B   286A           00070         goto    Rmicros_Bucle           ; Aporta (K-1)x2 ciclos máquina.
006C   0008           00071         return                                          ; El salto del retorno aporta 2 ciclos máquina.
                      00072 ;
                      00073 ;En total estas subrutinas tardan:
                      00074 ; - Retardo_500micros:  2 + 1 + 1 + 2 + (2 + 3K) = 500 cm = 500 µs. (para K=164 y 4 MHz).
                      00075 ; - Retardo_200micros:  2 + 1 + 1 + 2 + (2 + 3K) = 200 cm = 200 µs. (para K= 64 y 4 MHz).
                      00076 ; - Retardo_100micros:  2     + 1 + 2 + (2 + 3K) = 100 cm = 100 µs. (para K= 31 y 4 MHz).
MPASM  5.39                      JOYSTICK.ASM   5-25-2026  4:17:11         PAGE  6


LOC  OBJECT CODE     LINE SOURCE TEXT
  VALUE

                      00077 ; - Retardo_50micros :  2 + 1 + 1 + 2 + (2 + 3K) =  50 cm =  50 µs. (para K= 14 y 4 MHz).
                      00078 ; - Retardo_20micros :  2     + 1     + (2 + 3K) =  20 cm =  20 µs. (para K=  5 y 4 MHz).
                      00079 ;
                      00080 ; RETARDOS de 1 ms hasta 200 ms. --------------------------------------------------------
                      00081 ;
006D                  00082 Retardo_200ms                                   ; La llamada "call" aporta 2 ciclos máquina.
006D   30C8           00083         movlw   d'200'                          ; Aporta 1 ciclo máquina. Este es el valor de "M".
006E   287C           00084         goto    Retardos_ms                     ; Aporta 2 ciclos máquina.
006F                  00085 Retardo_100ms                                   ; La llamada "call" aporta 2 ciclos máquina.
006F   3064           00086         movlw   d'100'                          ; Aporta 1 ciclo máquina. Este es el valor de "M".
0070   287C           00087         goto    Retardos_ms                     ; Aporta 2 ciclos máquina.
0071                  00088 Retardo_50ms                                    ; La llamada "call" aporta 2 ciclos máquina.
0071   3032           00089         movlw   d'50'                           ; Aporta 1 ciclo máquina. Este es el valor de "M".
0072   287C           00090         goto    Retardos_ms                     ; Aporta 2 ciclos máquina.
0073                  00091 Retardo_20ms                                    ; La llamada "call" aporta 2 ciclos máquina.
0073   3014           00092         movlw   d'20'                           ; Aporta 1 ciclo máquina. Este es el valor de "M".
0074   287C           00093         goto    Retardos_ms                     ; Aporta 2 ciclos máquina.
0075                  00094 Retardo_10ms                                    ; La llamada "call" aporta 2 ciclos máquina.
0075   300A           00095         movlw   d'10'                           ; Aporta 1 ciclo máquina. Este es el valor de "M".
0076   287C           00096         goto    Retardos_ms                     ; Aporta 2 ciclos máquina.
0077                  00097 Retardo_5ms                                             ; La llamada "call" aporta 2 ciclos máquina.
0077   3005           00098         movlw   d'5'                            ; Aporta 1 ciclo máquina. Este es el valor de "M".
0078   287C           00099         goto    Retardos_ms                     ; Aporta 2 ciclos máquina.
0079                  00100 Retardo_2ms                                             ; La llamada "call" aporta 2 ciclos máquina.
0079   3002           00101         movlw   d'2'                            ; Aporta 1 ciclo máquina. Este es el valor de "M".
007A   287C           00102         goto    Retardos_ms                     ; Aporta 2 ciclos máquina.
007B                  00103 Retardo_1ms                                             ; La llamada "call" aporta 2 ciclos máquina.
007B   3001           00104         movlw   d'1'                            ; Aporta 1 ciclo máquina. Este es el valor de "M".
                      00105 ;
                      00106 ; El próximo bloque "Retardos_ms" tarda:
                      00107 ; 1 + M + M + KxM + (K-1)xM + Mx2 + (K-1)Mx2 + (M-1) + 2 + (M-1)x2 + 2 =
                      00108 ; = (2 + 4M + 4KM) ciclos máquina. Para K=249 y M=1 supone 1002 ciclos máquina
                      00109 ; que a 4 MHz son 1002 µs = 1 ms.
                      00110 ;
007C                  00111 Retardos_ms
007C   00A3           00112         movwf   R_ContB                         ; Aporta 1 ciclo máquina.
007D                  00113 R1ms_BucleExterno
007D   30F9           00114         movlw   d'249'                          ; Aporta Mx1 ciclos máquina. Este es el valor de "K".
007E   00A2           00115         movwf   R_ContA                         ; Aporta Mx1 ciclos máquina.
007F                  00116 R1ms_BucleInterno
007F   0000           00117         nop                                                     ; Aporta KxMx1 ciclos máquina.
0080   0BA2           00118         decfsz  R_ContA,F                       ; (K-1)xMx1 cm (cuando no salta) + Mx2 cm (al saltar).
0081   287F           00119         goto    R1ms_BucleInterno       ; Aporta (K-1)xMx2 ciclos máquina.
0082   0BA3           00120         decfsz  R_ContB,F                       ; (M-1)x1 cm (cuando no salta) + 2 cm (al saltar).
0083   287D           00121         goto    R1ms_BucleExterno       ; Aporta (M-1)x2 ciclos máquina.
0084   0008           00122         return                                          ; El salto del retorno aporta 2 ciclos máquina.
                      00123 ;
                      00124 ;En total estas subrutinas tardan:
                      00125 ; - Retardo_200ms:      2 + 1 + 2 + (2 + 4M + 4KM) = 200007 cm = 200 ms. (M=200 y K=249).
                      00126 ; - Retardo_100ms:      2 + 1 + 2 + (2 + 4M + 4KM) = 100007 cm = 100 ms. (M=100 y K=249).
                      00127 ; - Retardo_50ms :      2 + 1 + 2 + (2 + 4M + 4KM) =  50007 cm =  50 ms. (M= 50 y K=249).
                      00128 ; - Retardo_20ms :      2 + 1 + 2 + (2 + 4M + 4KM) =  20007 cm =  20 ms. (M= 20 y K=249).
                      00129 ; - Retardo_10ms :      2 + 1 + 2 + (2 + 4M + 4KM) =  10007 cm =  10 ms. (M= 10 y K=249).
MPASM  5.39                      JOYSTICK.ASM   5-25-2026  4:17:11         PAGE  7


LOC  OBJECT CODE     LINE SOURCE TEXT
  VALUE

                      00130 ; - Retardo_5ms  :      2 + 1 + 2 + (2 + 4M + 4KM) =   5007 cm =   5 ms. (M=  5 y K=249).
                      00131 ; - Retardo_2ms  :      2 + 1 + 2 + (2 + 4M + 4KM) =   2007 cm =   2 ms. (M=  2 y K=249).
                      00132 ; - Retardo_1ms  :      2 + 1     + (2 + 4M + 4KM) =   1005 cm =   1 ms. (M=  1 y K=249).
                      00133 ;
                      00134 ; RETARDOS de 0.5 hasta 20 segundos ---------------------------------------------------
                      00135 ;
0085                  00136 Retardo_20s                                             ; La llamada "call" aporta 2 ciclos máquina.
0085   30C8           00137         movlw   d'200'                          ; Aporta 1 ciclo máquina. Este es el valor de "N".
0086   2890           00138         goto    Retardo_1Decima         ; Aporta 2 ciclos máquina.
0087                  00139 Retardo_10s                                             ; La llamada "call" aporta 2 ciclos máquina.
0087   3064           00140         movlw   d'100'                          ; Aporta 1 ciclo máquina. Este es el valor de "N".
0088   2890           00141         goto    Retardo_1Decima         ; Aporta 2 ciclos máquina.
0089                  00142 Retardo_5s                                              ; La llamada "call" aporta 2 ciclos máquina.
0089   3032           00143         movlw   d'50'                           ; Aporta 1 ciclo máquina. Este es el valor de "N".
008A   2890           00144         goto    Retardo_1Decima         ; Aporta 2 ciclos máquina.
008B                  00145 Retardo_2s                                              ; La llamada "call" aporta 2 ciclos máquina.
008B   3014           00146         movlw   d'20'                           ; Aporta 1 ciclo máquina. Este es el valor de "N".
008C   2890           00147         goto    Retardo_1Decima         ; Aporta 2 ciclos máquina.
008D                  00148 Retardo_1s                                              ; La llamada "call" aporta 2 ciclos máquina.
008D   300A           00149         movlw   d'10'                           ; Aporta 1 ciclo máquina. Este es el valor de "N".
008E   2890           00150         goto    Retardo_1Decima         ; Aporta 2 ciclos máquina.
008F                  00151 Retardo_500ms                                   ; La llamada "call" aporta 2 ciclos máquina.
008F   3005           00152         movlw   d'5'                            ; Aporta 1 ciclo máquina. Este es el valor de "N".
                      00153 ;
                      00154 ; El próximo bloque "Retardo_1Decima" tarda:
                      00155 ; 1 + N + N + MxN + MxN + KxMxN + (K-1)xMxN + MxNx2 + (K-1)xMxNx2 +
                      00156 ;   + (M-1)xN + Nx2 + (M-1)xNx2 + (N-1) + 2 + (N-1)x2 + 2 =
                      00157 ; = (2 + 4M + 4MN + 4KM) ciclos máquina. Para K=249, M=100 y N=1 supone 100011
                      00158 ; ciclos máquina que a 4 MHz son 100011 µs = 100 ms = 0,1 s = 1 décima de segundo.
                      00159 ;
0090                  00160 Retardo_1Decima
0090   00A4           00161         movwf   R_ContC                         ; Aporta 1 ciclo máquina.
0091                  00162 R1Decima_BucleExterno2
0091   3064           00163         movlw   d'100'                          ; Aporta Nx1 ciclos máquina. Este es el valor de "M".
0092   00A3           00164         movwf   R_ContB                         ; Aporta Nx1 ciclos máquina.
0093                  00165 R1Decima_BucleExterno
0093   30F9           00166         movlw   d'249'                          ; Aporta MxNx1 ciclos máquina. Este es el valor de "K".
0094   00A2           00167         movwf   R_ContA                         ; Aporta MxNx1 ciclos máquina.
0095                  00168 R1Decima_BucleInterno          
0095   0000           00169         nop                                                     ; Aporta KxMxNx1 ciclos máquina.
0096   0BA2           00170         decfsz  R_ContA,F                       ; (K-1)xMxNx1 cm (si no salta) + MxNx2 cm (al saltar).
0097   2895           00171         goto    R1Decima_BucleInterno   ; Aporta (K-1)xMxNx2 ciclos máquina.
0098   0BA3           00172         decfsz  R_ContB,F                       ; (M-1)xNx1 cm (cuando no salta) + Nx2 cm (al saltar).
0099   2893           00173         goto    R1Decima_BucleExterno   ; Aporta (M-1)xNx2 ciclos máquina.
009A   0BA4           00174         decfsz  R_ContC,F                       ; (N-1)x1 cm (cuando no salta) + 2 cm (al saltar).
009B   2891           00175         goto    R1Decima_BucleExterno2  ; Aporta (N-1)x2 ciclos máquina.
009C   0008           00176         return                                          ; El salto del retorno aporta 2 ciclos máquina.
                      00177 ;
                      00178 ;En total estas subrutinas tardan:
                      00179 ; - Retardo_20s:        2 + 1 + 2 + (2 + 4N + 4MN + 4KMN) = 20000807 cm = 20 s.
                      00180 ;                       (N=200, M=100 y K=249).
                      00181 ; - Retardo_10s:        2 + 1 + 2 + (2 + 4N + 4MN + 4KMN) = 10000407 cm = 10 s.
                      00182 ;                       (N=100, M=100 y K=249).
MPASM  5.39                      JOYSTICK.ASM   5-25-2026  4:17:11         PAGE  8


LOC  OBJECT CODE     LINE SOURCE TEXT
  VALUE

                      00183 ; - Retardo_5s:         2 + 1 + 2 + (2 + 4N + 4MN + 4KMN) =  5000207 cm =  5 s.
                      00184 ;                       (N= 50, M=100 y K=249).
                      00185 ; - Retardo_2s:         2 + 1 + 2 + (2 + 4N + 4MN + 4KMN) =  2000087 cm =  2 s.
                      00186 ;                       (N= 20, M=100 y K=249).
                      00187 ; - Retardo_1s:         2 + 1 + 2 + (2 + 4N + 4MN + 4KMN) =  1000047 cm =  1 s.
                      00188 ;                       (N= 10, M=100 y K=249).
                      00189 ; - Retardo_500ms:      2 + 1     + (2 + 4N + 4MN + 4KMN) =   500025 cm = 0,5 s.
                      00190 ;                       (N=  5, M=100 y K=249).
                      00191 
                      00192 ;       ===================================================================
                      00193 ;         Del libro "MICROCONTROLADOR PIC16F84. DESARROLLO DE PROYECTOS"
                      00194 ;         E. Palacios, F. Remiro y L. López.            www.pic16f84a.com
                      00195 ;         Editorial Ra-Ma.  www.ra-ma.es
                      00196 ;       ===================================================================
                      00197 
                      00198 
                      00199 
                      00200 
Warning[205]: Found directive in column 1. (END)
                      00165 END
MPASM  5.39                      JOYSTICK.ASM   5-25-2026  4:17:11         PAGE  9


SYMBOL TABLE
  LABEL                             VALUE 

ACKDT                             00000005
ACKEN                             00000004
ACKSTAT                           00000006
ADCON0                            0000001F
ADCON1                            0000009F
ADCS0                             00000006
ADCS1                             00000007
ADCS2                             00000006
ADDEN                             00000003
ADFM                              00000007
ADIE                              00000006
ADIF                              00000006
ADON                              00000000
ADRESH                            0000001E
ADRESHIGHX                        00000021
ADRESL                            0000009E
AXIS_X_LEFT                       00000037
AXIS_X_RIGHT                      00000027
BCLIE                             00000003
BCLIF                             00000003
BF                                00000000
BRGH                              00000002
C                                 00000000
C1INV                             00000004
C1OUT                             00000006
C2INV                             00000005
C2OUT                             00000007
CCP1CON                           00000017
CCP1IE                            00000002
CCP1IF                            00000002
CCP1M0                            00000000
CCP1M1                            00000001
CCP1M2                            00000002
CCP1M3                            00000003
CCP1X                             00000005
CCP1Y                             00000004
CCP2CON                           0000001D
CCP2IE                            00000000
CCP2IF                            00000000
CCP2M0                            00000000
CCP2M1                            00000001
CCP2M2                            00000002
CCP2M3                            00000003
CCP2X                             00000005
CCP2Y                             00000004
CCPR1                             00000015
CCPR1H                            00000016
CCPR1L                            00000015
CCPR2                             0000001B
CCPR2H                            0000001C
CCPR2L                            0000001B
CHS0                              00000003
CHS1                              00000004
MPASM  5.39                      JOYSTICK.ASM   5-25-2026  4:17:11         PAGE 10


SYMBOL TABLE
  LABEL                             VALUE 

CHS2                              00000005
CIS                               00000003
CKE                               00000006
CKP                               00000004
CM0                               00000000
CM1                               00000001
CM2                               00000002
CMCON                             0000009C
CMIE                              00000006
CMIF                              00000006
CONFIGURACION                     00000000
CONT                              00000020
CREN                              00000004
CSRC                              00000007
CVR0                              00000000
CVR1                              00000001
CVR2                              00000002
CVR3                              00000003
CVRCON                            0000009D
CVREN                             00000007
CVROE                             00000006
CVRR                              00000005
D                                 00000005
DATA_ADDRESS                      00000005
DC                                00000001
DEADPOINT                         00000047
D_A                               00000005
D_NOT_A                           00000005
EEADR                             0000010D
EEADRH                            0000010F
EECON1                            0000018C
EECON2                            0000018D
EEDATA                            0000010C
EEDATH                            0000010E
EEIE                              00000004
EEIF                              00000004
EEPGD                             00000007
F                                 00000001
FERR                              00000002
FSR                               00000004
GCEN                              00000007
GIE                               00000007
GO                                00000002
GO_DONE                           00000002
GO_LEFT                           00000025
GO_NOT_DONE                       00000002
GO_RIGHT                          00000023
I2C_DATA                          00000005
I2C_READ                          00000002
I2C_START                         00000003
I2C_STOP                          00000004
IBF                               00000007
IBOV                              00000005
MPASM  5.39                      JOYSTICK.ASM   5-25-2026  4:17:11         PAGE 11


SYMBOL TABLE
  LABEL                             VALUE 

INDF                              00000000
INTCON                            0000000B
INTE                              00000004
INTEDG                            00000006
INTF                              00000001
IRP                               00000007
MAIN                              00000011
NOT_A                             00000005
NOT_ADDRESS                       00000005
NOT_BO                            00000000
NOT_BOR                           00000000
NOT_DONE                          00000002
NOT_PD                            00000003
NOT_POR                           00000001
NOT_RBPU                          00000007
NOT_RC8                           00000006
NOT_T1SYNC                        00000002
NOT_TO                            00000004
NOT_TX8                           00000006
NOT_W                             00000002
NOT_WRITE                         00000002
OBF                               00000006
OERR                              00000001
OPTION_REG                        00000081
P                                 00000004
PCFG0                             00000000
PCFG1                             00000001
PCFG2                             00000002
PCFG3                             00000003
PCL                               00000002
PCLATH                            0000000A
PCON                              0000008E
PEIE                              00000006
PEN                               00000002
PIE1                              0000008C
PIE2                              0000008D
PIR1                              0000000C
PIR2                              0000000D
PORTA                             00000005
PORTB                             00000006
PORTC                             00000007
PORTD                             00000008
PORTE                             00000009
PR2                               00000092
PS0                               00000000
PS1                               00000001
PS2                               00000002
PSA                               00000003
PSPIE                             00000007
PSPIF                             00000007
PSPMODE                           00000004
PUSH_JOYSTICK                     0000004A
R                                 00000002
MPASM  5.39                      JOYSTICK.ASM   5-25-2026  4:17:11         PAGE 12


SYMBOL TABLE
  LABEL                             VALUE 

R1Decima_BucleExterno             00000093
R1Decima_BucleExterno2            00000091
R1Decima_BucleInterno             00000095
R1ms_BucleExterno                 0000007D
R1ms_BucleInterno                 0000007F
RA0                               00000000
RA1                               00000001
RA2                               00000002
RA3                               00000003
RA4                               00000004
RA5                               00000005
RB0                               00000000
RB1                               00000001
RB2                               00000002
RB3                               00000003
RB4                               00000004
RB5                               00000005
RB6                               00000006
RB7                               00000007
RBIE                              00000003
RBIF                              00000000
RC0                               00000000
RC1                               00000001
RC2                               00000002
RC3                               00000003
RC4                               00000004
RC5                               00000005
RC6                               00000006
RC7                               00000007
RC8_9                             00000006
RC9                               00000006
RCD8                              00000000
RCEN                              00000003
RCIE                              00000005
RCIF                              00000005
RCREG                             0000001A
RCSTA                             00000018
RD                                00000000
RD0                               00000000
RD1                               00000001
RD2                               00000002
RD3                               00000003
RD4                               00000004
RD5                               00000005
RD6                               00000006
RD7                               00000007
RE0                               00000000
RE1                               00000001
RE2                               00000002
READ_WRITE                        00000002
RP0                               00000005
RP1                               00000006
RSEN                              00000001
MPASM  5.39                      JOYSTICK.ASM   5-25-2026  4:17:11         PAGE 13


SYMBOL TABLE
  LABEL                             VALUE 

RX9                               00000006
RX9D                              00000000
R_ContA                           00000022
R_ContB                           00000023
R_ContC                           00000024
R_NOT_W                           00000002
R_W                               00000002
RetardoMicros                     00000069
Retardo_100micros                 00000063
Retardo_100ms                     0000006F
Retardo_10micros                  00000056
Retardo_10ms                      00000075
Retardo_10s                       00000087
Retardo_1Decima                   00000090
Retardo_1ms                       0000007B
Retardo_1s                        0000008D
Retardo_200micros                 00000060
Retardo_200ms                     0000006D
Retardo_20micros                  00000068
Retardo_20ms                      00000073
Retardo_20s                       00000085
Retardo_2ms                       00000079
Retardo_2s                        0000008B
Retardo_4micros                   0000005C
Retardo_500micros                 0000005D
Retardo_500ms                     0000008F
Retardo_50micros                  00000065
Retardo_50ms                      00000071
Retardo_5micros                   0000005B
Retardo_5ms                       00000077
Retardo_5s                        00000089
Retardos_ms                       0000007C
Rmicros_Bucle                     0000006A
S                                 00000003
SEN                               00000000
SMP                               00000007
SPBRG                             00000099
SPEN                              00000007
SREN                              00000005
SSPADD                            00000093
SSPBUF                            00000013
SSPCON                            00000014
SSPCON2                           00000091
SSPEN                             00000005
SSPIE                             00000003
SSPIF                             00000003
SSPM0                             00000000
SSPM1                             00000001
SSPM2                             00000002
SSPM3                             00000003
SSPOV                             00000006
SSPSTAT                           00000094
STATUS                            00000003
MPASM  5.39                      JOYSTICK.ASM   5-25-2026  4:17:11         PAGE 14


SYMBOL TABLE
  LABEL                             VALUE 

SYNC                              00000004
T0CS                              00000005
T0IE                              00000005
T0IF                              00000002
T0SE                              00000004
T1CKPS0                           00000004
T1CKPS1                           00000005
T1CON                             00000010
T1INSYNC                          00000002
T1OSCEN                           00000003
T1SYNC                            00000002
T2CKPS0                           00000000
T2CKPS1                           00000001
T2CON                             00000012
TMR0                              00000001
TMR0IE                            00000005
TMR0IF                            00000002
TMR1CS                            00000001
TMR1H                             0000000F
TMR1IE                            00000000
TMR1IF                            00000000
TMR1L                             0000000E
TMR1ON                            00000000
TMR2                              00000011
TMR2IE                            00000001
TMR2IF                            00000001
TMR2ON                            00000002
TOUTPS0                           00000003
TOUTPS1                           00000004
TOUTPS2                           00000005
TOUTPS3                           00000006
TRISA                             00000085
TRISA0                            00000000
TRISA1                            00000001
TRISA2                            00000002
TRISA3                            00000003
TRISA4                            00000004
TRISA5                            00000005
TRISB                             00000086
TRISB0                            00000000
TRISB1                            00000001
TRISB2                            00000002
TRISB3                            00000003
TRISB4                            00000004
TRISB5                            00000005
TRISB6                            00000006
TRISB7                            00000007
TRISC                             00000087
TRISC0                            00000000
TRISC1                            00000001
TRISC2                            00000002
TRISC3                            00000003
TRISC4                            00000004
MPASM  5.39                      JOYSTICK.ASM   5-25-2026  4:17:11         PAGE 15


SYMBOL TABLE
  LABEL                             VALUE 

TRISC5                            00000005
TRISC6                            00000006
TRISC7                            00000007
TRISD                             00000088
TRISD0                            00000000
TRISD1                            00000001
TRISD2                            00000002
TRISD3                            00000003
TRISD4                            00000004
TRISD5                            00000005
TRISD6                            00000006
TRISD7                            00000007
TRISE                             00000089
TRISE0                            00000000
TRISE1                            00000001
TRISE2                            00000002
TRMT                              00000001
TX8_9                             00000006
TX9                               00000006
TX9D                              00000000
TXD8                              00000000
TXEN                              00000005
TXIE                              00000004
TXIF                              00000004
TXREG                             00000019
TXSTA                             00000098
UA                                00000001
W                                 00000000
WAIT_ADC                          00000014
WCOL                              00000007
WR                                00000001
WREN                              00000002
WRERR                             00000003
Z                                 00000002
_BODEN_OFF                        00003FBF
_BODEN_ON                         00003FFF
_CONFIG                           00002007
_CPD_OFF                          00003FFF
_CPD_ON                           00003EFF
_CP_ALL                           00001FFF
_CP_OFF                           00003FFF
_DEBUG_OFF                        00003FFF
_DEBUG_ON                         000037FF
_DEVID1                           00002006
_HS_OSC                           00003FFE
_IDLOC0                           00002000
_IDLOC1                           00002001
_IDLOC2                           00002002
_IDLOC3                           00002003
_LP_OSC                           00003FFC
_LVP_OFF                          00003F7F
_LVP_ON                           00003FFF
_PWRTE_OFF                        00003FFF
MPASM  5.39                      JOYSTICK.ASM   5-25-2026  4:17:11         PAGE 16


SYMBOL TABLE
  LABEL                             VALUE 

_PWRTE_ON                         00003FF7
_RC_OSC                           00003FFF
_WDT_OFF                          00003FFB
_WDT_ON                           00003FFF
_WRT_1FOURTH                      00003BFF
_WRT_256                          00003DFF
_WRT_HALF                         000039FF
_WRT_OFF                          00003FFF
_XT_OSC                           00003FFD
__16F877A                         00000001


MEMORY USAGE MAP ('X' = Used,  '-' = Unused)

0000 : XXXXXXXXXXXXXXXX XXXXXXXXXXXXXXXX XXXXXXXXXXXXXXXX XXXXXXXXXXXXXXXX
0040 : XXXXXXXXXXXXXXXX XXXXXXXXXXXXXXXX XXXXXXXXXXXXXXXX XXXXXXXXXXXXXXXX
0080 : XXXXXXXXXXXXXXXX XXXXXXXXXXXXX--- ---------------- ----------------
2000 : -------X-------- ---------------- ---------------- ----------------

All other memory blocks unused.

Program Memory Words Used:   157
Program Memory Words Free:  8035


Errors   :     0
Warnings :    12 reported,     0 suppressed
Messages :     5 reported,     0 suppressed

