MPLINK 4.38, Linker
Linker Map File - Created Sat May 16 18:09:32 2026

                                 Section Info
                  Section       Type    Address   Location Size(Bytes)
                ---------  ---------  ---------  ---------  ---------
                   .org_0       code   0x000000    program   0x000000
                   .org_1       code   0x000000    program   0x0000e8
  .config_2007_JOYSTICK.O       code   0x002007    program   0x000002



                              Program Memory Usage 
                               Start         End      
                           ---------   ---------      
                            0x000000    0x000073      
                            0x002007    0x002007      
            117 out of 8454 program addresses used, program memory utilization is 1%



                              Symbols - Sorted by Name
                     Name    Address   Location    Storage File                     
                ---------  ---------  ---------  --------- ---------                
                   AXIS_X   0x000013    program     static C:\Users\freem\Escritorio\Micros\P9\joystick.asm
                   AXIS_Y   0x000018    program     static C:\Users\freem\Escritorio\Micros\P9\joystick.asm
            CONFIGURACION   0x000000    program     static C:\Users\freem\Escritorio\Micros\P9\joystick.asm
                     MAIN   0x00000e    program     static C:\Users\freem\Escritorio\Micros\P9\joystick.asm
            PUSH_JOYSTICK   0x00001d    program     static C:\Users\freem\Escritorio\Micros\P9\joystick.asm
    R1Decima_BucleExterno   0x00006a    program     static C:\Program Files (x86)\Microchip\MPASM Suite\Retardos.inc
   R1Decima_BucleExterno2   0x000068    program     static C:\Program Files (x86)\Microchip\MPASM Suite\Retardos.inc
    R1Decima_BucleInterno   0x00006c    program     static C:\Program Files (x86)\Microchip\MPASM Suite\Retardos.inc
        R1ms_BucleExterno   0x000054    program     static C:\Program Files (x86)\Microchip\MPASM Suite\Retardos.inc
        R1ms_BucleInterno   0x000056    program     static C:\Program Files (x86)\Microchip\MPASM Suite\Retardos.inc
            RetardoMicros   0x000040    program     static C:\Program Files (x86)\Microchip\MPASM Suite\Retardos.inc
        Retardo_100micros   0x00003a    program     static C:\Program Files (x86)\Microchip\MPASM Suite\Retardos.inc
            Retardo_100ms   0x000046    program     static C:\Program Files (x86)\Microchip\MPASM Suite\Retardos.inc
         Retardo_10micros   0x00002d    program     static C:\Program Files (x86)\Microchip\MPASM Suite\Retardos.inc
             Retardo_10ms   0x00004c    program     static C:\Program Files (x86)\Microchip\MPASM Suite\Retardos.inc
              Retardo_10s   0x00005e    program     static C:\Program Files (x86)\Microchip\MPASM Suite\Retardos.inc
          Retardo_1Decima   0x000067    program     static C:\Program Files (x86)\Microchip\MPASM Suite\Retardos.inc
              Retardo_1ms   0x000052    program     static C:\Program Files (x86)\Microchip\MPASM Suite\Retardos.inc
               Retardo_1s   0x000064    program     static C:\Program Files (x86)\Microchip\MPASM Suite\Retardos.inc
        Retardo_200micros   0x000037    program     static C:\Program Files (x86)\Microchip\MPASM Suite\Retardos.inc
            Retardo_200ms   0x000044    program     static C:\Program Files (x86)\Microchip\MPASM Suite\Retardos.inc
         Retardo_20micros   0x00003f    program     static C:\Program Files (x86)\Microchip\MPASM Suite\Retardos.inc
             Retardo_20ms   0x00004a    program     static C:\Program Files (x86)\Microchip\MPASM Suite\Retardos.inc
              Retardo_20s   0x00005c    program     static C:\Program Files (x86)\Microchip\MPASM Suite\Retardos.inc
              Retardo_2ms   0x000050    program     static C:\Program Files (x86)\Microchip\MPASM Suite\Retardos.inc
               Retardo_2s   0x000062    program     static C:\Program Files (x86)\Microchip\MPASM Suite\Retardos.inc
          Retardo_4micros   0x000033    program     static C:\Program Files (x86)\Microchip\MPASM Suite\Retardos.inc
        Retardo_500micros   0x000034    program     static C:\Program Files (x86)\Microchip\MPASM Suite\Retardos.inc
            Retardo_500ms   0x000066    program     static C:\Program Files (x86)\Microchip\MPASM Suite\Retardos.inc
         Retardo_50micros   0x00003c    program     static C:\Program Files (x86)\Microchip\MPASM Suite\Retardos.inc
             Retardo_50ms   0x000048    program     static C:\Program Files (x86)\Microchip\MPASM Suite\Retardos.inc
          Retardo_5micros   0x000032    program     static C:\Program Files (x86)\Microchip\MPASM Suite\Retardos.inc
              Retardo_5ms   0x00004e    program     static C:\Program Files (x86)\Microchip\MPASM Suite\Retardos.inc
               Retardo_5s   0x000060    program     static C:\Program Files (x86)\Microchip\MPASM Suite\Retardos.inc
              Retardos_ms   0x000053    program     static C:\Program Files (x86)\Microchip\MPASM Suite\Retardos.inc
            Rmicros_Bucle   0x000041    program     static C:\Program Files (x86)\Microchip\MPASM Suite\Retardos.inc



                              Symbols - Sorted by Address
                     Name    Address   Location    Storage File                     
                ---------  ---------  ---------  --------- ---------                
            CONFIGURACION   0x000000    program     static C:\Users\freem\Escritorio\Micros\P9\joystick.asm
                     MAIN   0x00000e    program     static C:\Users\freem\Escritorio\Micros\P9\joystick.asm
                   AXIS_X   0x000013    program     static C:\Users\freem\Escritorio\Micros\P9\joystick.asm
                   AXIS_Y   0x000018    program     static C:\Users\freem\Escritorio\Micros\P9\joystick.asm
            PUSH_JOYSTICK   0x00001d    program     static C:\Users\freem\Escritorio\Micros\P9\joystick.asm
         Retardo_10micros   0x00002d    program     static C:\Program Files (x86)\Microchip\MPASM Suite\Retardos.inc
          Retardo_5micros   0x000032    program     static C:\Program Files (x86)\Microchip\MPASM Suite\Retardos.inc
          Retardo_4micros   0x000033    program     static C:\Program Files (x86)\Microchip\MPASM Suite\Retardos.inc
        Retardo_500micros   0x000034    program     static C:\Program Files (x86)\Microchip\MPASM Suite\Retardos.inc
        Retardo_200micros   0x000037    program     static C:\Program Files (x86)\Microchip\MPASM Suite\Retardos.inc
        Retardo_100micros   0x00003a    program     static C:\Program Files (x86)\Microchip\MPASM Suite\Retardos.inc
         Retardo_50micros   0x00003c    program     static C:\Program Files (x86)\Microchip\MPASM Suite\Retardos.inc
         Retardo_20micros   0x00003f    program     static C:\Program Files (x86)\Microchip\MPASM Suite\Retardos.inc
            RetardoMicros   0x000040    program     static C:\Program Files (x86)\Microchip\MPASM Suite\Retardos.inc
            Rmicros_Bucle   0x000041    program     static C:\Program Files (x86)\Microchip\MPASM Suite\Retardos.inc
            Retardo_200ms   0x000044    program     static C:\Program Files (x86)\Microchip\MPASM Suite\Retardos.inc
            Retardo_100ms   0x000046    program     static C:\Program Files (x86)\Microchip\MPASM Suite\Retardos.inc
             Retardo_50ms   0x000048    program     static C:\Program Files (x86)\Microchip\MPASM Suite\Retardos.inc
             Retardo_20ms   0x00004a    program     static C:\Program Files (x86)\Microchip\MPASM Suite\Retardos.inc
             Retardo_10ms   0x00004c    program     static C:\Program Files (x86)\Microchip\MPASM Suite\Retardos.inc
              Retardo_5ms   0x00004e    program     static C:\Program Files (x86)\Microchip\MPASM Suite\Retardos.inc
              Retardo_2ms   0x000050    program     static C:\Program Files (x86)\Microchip\MPASM Suite\Retardos.inc
              Retardo_1ms   0x000052    program     static C:\Program Files (x86)\Microchip\MPASM Suite\Retardos.inc
              Retardos_ms   0x000053    program     static C:\Program Files (x86)\Microchip\MPASM Suite\Retardos.inc
        R1ms_BucleExterno   0x000054    program     static C:\Program Files (x86)\Microchip\MPASM Suite\Retardos.inc
        R1ms_BucleInterno   0x000056    program     static C:\Program Files (x86)\Microchip\MPASM Suite\Retardos.inc
              Retardo_20s   0x00005c    program     static C:\Program Files (x86)\Microchip\MPASM Suite\Retardos.inc
              Retardo_10s   0x00005e    program     static C:\Program Files (x86)\Microchip\MPASM Suite\Retardos.inc
               Retardo_5s   0x000060    program     static C:\Program Files (x86)\Microchip\MPASM Suite\Retardos.inc
               Retardo_2s   0x000062    program     static C:\Program Files (x86)\Microchip\MPASM Suite\Retardos.inc
               Retardo_1s   0x000064    program     static C:\Program Files (x86)\Microchip\MPASM Suite\Retardos.inc
            Retardo_500ms   0x000066    program     static C:\Program Files (x86)\Microchip\MPASM Suite\Retardos.inc
          Retardo_1Decima   0x000067    program     static C:\Program Files (x86)\Microchip\MPASM Suite\Retardos.inc
   R1Decima_BucleExterno2   0x000068    program     static C:\Program Files (x86)\Microchip\MPASM Suite\Retardos.inc
    R1Decima_BucleExterno   0x00006a    program     static C:\Program Files (x86)\Microchip\MPASM Suite\Retardos.inc
    R1Decima_BucleInterno   0x00006c    program     static C:\Program Files (x86)\Microchip\MPASM Suite\Retardos.inc


