MPLINK 4.38, Linker
Linker Map File - Created Sat May 30 12:57:46 2026

                                 Section Info
                  Section       Type    Address   Location Size(Bytes)
                ---------  ---------  ---------  ---------  ---------
                   .org_0       code   0x000000    program   0x000000
                   .org_1       code   0x000000    program   0x000002
                   .org_2       code   0x000004    program   0x000002
                   .org_3       code   0x000010    program   0x00006c
     .config_2007_LEDSP.O       code   0x002007    program   0x000002



                              Program Memory Usage 
                               Start         End      
                           ---------   ---------      
                            0x000000    0x000000      
                            0x000004    0x000004      
                            0x000010    0x000045      
                            0x002007    0x002007      
            57 out of 8454 program addresses used, program memory utilization is 0%



                              Symbols - Sorted by Name
                     Name    Address   Location    Storage File                     
                ---------  ---------  ---------  --------- ---------                
                   INICIO   0x00001d    program     static C:\Users\freem\Desktop\Micros_woo\PIC16F877A\ledsp.asm
                     LOOP   0x000031    program     static C:\Users\freem\Desktop\Micros_woo\PIC16F877A\ledsp.asm
                    LOOP1   0x000012    program     static C:\Users\freem\Desktop\Micros_woo\PIC16F877A\ledsp.asm
                    LOOP2   0x000014    program     static C:\Users\freem\Desktop\Micros_woo\PIC16F877A\ledsp.asm
                    LOOP3   0x000016    program     static C:\Users\freem\Desktop\Micros_woo\PIC16F877A\ledsp.asm
                  RETARDO   0x000010    program     static C:\Users\freem\Desktop\Micros_woo\PIC16F877A\ledsp.asm



                              Symbols - Sorted by Address
                     Name    Address   Location    Storage File                     
                ---------  ---------  ---------  --------- ---------                
                  RETARDO   0x000010    program     static C:\Users\freem\Desktop\Micros_woo\PIC16F877A\ledsp.asm
                    LOOP1   0x000012    program     static C:\Users\freem\Desktop\Micros_woo\PIC16F877A\ledsp.asm
                    LOOP2   0x000014    program     static C:\Users\freem\Desktop\Micros_woo\PIC16F877A\ledsp.asm
                    LOOP3   0x000016    program     static C:\Users\freem\Desktop\Micros_woo\PIC16F877A\ledsp.asm
                   INICIO   0x00001d    program     static C:\Users\freem\Desktop\Micros_woo\PIC16F877A\ledsp.asm
                     LOOP   0x000031    program     static C:\Users\freem\Desktop\Micros_woo\PIC16F877A\ledsp.asm


