MPLINK 4.38, Linker
Linker Map File - Created Sat May 09 14:59:53 2026

                                 Section Info
                  Section       Type    Address   Location Size(Bytes)
                ---------  ---------  ---------  ---------  ---------
                   .org_0       code   0x000000    program   0x000006
  .config_300000_PRUEBA.O    romdata   0x300000    program   0x000001
  .config_300001_PRUEBA.O    romdata   0x300001    program   0x000001
  .config_300002_PRUEBA.O    romdata   0x300002    program   0x000001
  .config_300003_PRUEBA.O    romdata   0x300003    program   0x000001
  .config_300005_PRUEBA.O    romdata   0x300005    program   0x000001
  .config_300006_PRUEBA.O    romdata   0x300006    program   0x000001
  .config_300008_PRUEBA.O    romdata   0x300008    program   0x000001
  .config_300009_PRUEBA.O    romdata   0x300009    program   0x000001
  .config_30000A_PRUEBA.O    romdata   0x30000a    program   0x000001
  .config_30000B_PRUEBA.O    romdata   0x30000b    program   0x000001
  .config_30000C_PRUEBA.O    romdata   0x30000c    program   0x000001
  .config_30000D_PRUEBA.O    romdata   0x30000d    program   0x000001



                              Program Memory Usage 
                               Start         End      
                           ---------   ---------      
                            0x000000    0x000005      
                            0x300000    0x300003      
                            0x300005    0x300006      
                            0x300008    0x30000d      
            18 out of 33048 program addresses used, program memory utilization is 0%



                              Symbols - Sorted by Name
                     Name    Address   Location    Storage File                     
                ---------  ---------  ---------  --------- ---------                
                   INICIO   0x000004    program     static C:\Users\freem\Desktop\Micros_woo\PIC18F4550\PRUEBA.asm
                     MAIN   0x000000    program     static C:\Users\freem\Desktop\Micros_woo\PIC18F4550\PRUEBA.asm



                              Symbols - Sorted by Address
                     Name    Address   Location    Storage File                     
                ---------  ---------  ---------  --------- ---------                
                     MAIN   0x000000    program     static C:\Users\freem\Desktop\Micros_woo\PIC18F4550\PRUEBA.asm
                   INICIO   0x000004    program     static C:\Users\freem\Desktop\Micros_woo\PIC18F4550\PRUEBA.asm


