MPLINK 4.38, Linker
Linker Map File - Created Thu May 14 11:02:39 2026

                                 Section Info
                  Section       Type    Address   Location Size(Bytes)
                ---------  ---------  ---------  ---------  ---------
                   .org_0       code   0x000000    program   0x000000
                   .org_1       code   0x000000    program   0x000054
   .config_2007_NIBBLES.O       code   0x002007    program   0x000002



                              Program Memory Usage 
                               Start         End      
                           ---------   ---------      
                            0x000000    0x000029      
                            0x002007    0x002007      
            43 out of 8454 program addresses used, program memory utilization is 0%



                              Symbols - Sorted by Name
                     Name    Address   Location    Storage File                     
                ---------  ---------  ---------  --------- ---------                
            CONFIGURACION   0x000000    program     static C:\Users\freem\Desktop\Micros_woo\P6\nibbles.asm
                    DELAY   0x000020    program     static C:\Users\freem\Desktop\Micros_woo\P6\nibbles.asm
                 LOOP_EXT   0x000022    program     static C:\Users\freem\Desktop\Micros_woo\P6\nibbles.asm
                 LOOP_INT   0x000024    program     static C:\Users\freem\Desktop\Micros_woo\P6\nibbles.asm
                     MAIN   0x000005    program     static C:\Users\freem\Desktop\Micros_woo\P6\nibbles.asm
                  MOSTRAR   0x00001c    program     static C:\Users\freem\Desktop\Micros_woo\P6\nibbles.asm
                    RESTA   0x000019    program     static C:\Users\freem\Desktop\Micros_woo\P6\nibbles.asm
                     SUMA   0x000015    program     static C:\Users\freem\Desktop\Micros_woo\P6\nibbles.asm



                              Symbols - Sorted by Address
                     Name    Address   Location    Storage File                     
                ---------  ---------  ---------  --------- ---------                
            CONFIGURACION   0x000000    program     static C:\Users\freem\Desktop\Micros_woo\P6\nibbles.asm
                     MAIN   0x000005    program     static C:\Users\freem\Desktop\Micros_woo\P6\nibbles.asm
                     SUMA   0x000015    program     static C:\Users\freem\Desktop\Micros_woo\P6\nibbles.asm
                    RESTA   0x000019    program     static C:\Users\freem\Desktop\Micros_woo\P6\nibbles.asm
                  MOSTRAR   0x00001c    program     static C:\Users\freem\Desktop\Micros_woo\P6\nibbles.asm
                    DELAY   0x000020    program     static C:\Users\freem\Desktop\Micros_woo\P6\nibbles.asm
                 LOOP_EXT   0x000022    program     static C:\Users\freem\Desktop\Micros_woo\P6\nibbles.asm
                 LOOP_INT   0x000024    program     static C:\Users\freem\Desktop\Micros_woo\P6\nibbles.asm


