MPLINK 4.38, Linker
Linker Map File - Created Tue May 19 21:59:20 2026

                                 Section Info
                  Section       Type    Address   Location Size(Bytes)
                ---------  ---------  ---------  ---------  ---------
                   .org_0       code   0x000000    program   0x000000
                   .org_1       code   0x000000    program   0x000002
                   .org_2       code   0x000004    program   0x0000c0
      .config_2007_LAVA.O       code   0x002007    program   0x000002



                              Program Memory Usage 
                               Start         End      
                           ---------   ---------      
                            0x000000    0x000000      
                            0x000004    0x000063      
                            0x002007    0x002007      
            98 out of 8454 program addresses used, program memory utilization is 1%



                              Symbols - Sorted by Name
                     Name    Address   Location    Storage File                     
                ---------  ---------  ---------  --------- ---------                
             AGUA_DRENADA   0x000035    program     static C:\Users\freem\Desktop\Micros_woo\P7\lava.asm
                       D1   0x000059    program     static C:\Users\freem\Desktop\Micros_woo\P7\lava.asm
                       D2   0x00005b    program     static C:\Users\freem\Desktop\Micros_woo\P7\lava.asm
                       D3   0x00005d    program     static C:\Users\freem\Desktop\Micros_woo\P7\lava.asm
           ESPERAR_PUERTA   0x000042    program     static C:\Users\freem\Desktop\Micros_woo\P7\lava.asm
       ESTADO_ALARMA_LOOP   0x00004f    program     static C:\Users\freem\Desktop\Micros_woo\P7\lava.asm
           ESTADO_LAVANDO   0x00002e    program     static C:\Users\freem\Desktop\Micros_woo\P7\lava.asm
       ESTADO_LISTA_SECAR   0x000038    program     static C:\Users\freem\Desktop\Micros_woo\P7\lava.asm
            ESTADO_REPOSO   0x000025    program     static C:\Users\freem\Desktop\Micros_woo\P7\lava.asm
           ESTADO_SECANDO   0x000048    program     static C:\Users\freem\Desktop\Micros_woo\P7\lava.asm
                   INICIO   0x000005    program     static C:\Users\freem\Desktop\Micros_woo\P7\lava.asm
              IR_A_ALARMA   0x000052    program     static C:\Users\freem\Desktop\Micros_woo\P7\lava.asm
                MAIN_LOOP   0x000010    program     static C:\Users\freem\Desktop\Micros_woo\P7\lava.asm
             RETARDO_5SEG   0x000057    program     static C:\Users\freem\Desktop\Micros_woo\P7\lava.asm



                              Symbols - Sorted by Address
                     Name    Address   Location    Storage File                     
                ---------  ---------  ---------  --------- ---------                
                   INICIO   0x000005    program     static C:\Users\freem\Desktop\Micros_woo\P7\lava.asm
                MAIN_LOOP   0x000010    program     static C:\Users\freem\Desktop\Micros_woo\P7\lava.asm
            ESTADO_REPOSO   0x000025    program     static C:\Users\freem\Desktop\Micros_woo\P7\lava.asm
           ESTADO_LAVANDO   0x00002e    program     static C:\Users\freem\Desktop\Micros_woo\P7\lava.asm
             AGUA_DRENADA   0x000035    program     static C:\Users\freem\Desktop\Micros_woo\P7\lava.asm
       ESTADO_LISTA_SECAR   0x000038    program     static C:\Users\freem\Desktop\Micros_woo\P7\lava.asm
           ESPERAR_PUERTA   0x000042    program     static C:\Users\freem\Desktop\Micros_woo\P7\lava.asm
           ESTADO_SECANDO   0x000048    program     static C:\Users\freem\Desktop\Micros_woo\P7\lava.asm
       ESTADO_ALARMA_LOOP   0x00004f    program     static C:\Users\freem\Desktop\Micros_woo\P7\lava.asm
              IR_A_ALARMA   0x000052    program     static C:\Users\freem\Desktop\Micros_woo\P7\lava.asm
             RETARDO_5SEG   0x000057    program     static C:\Users\freem\Desktop\Micros_woo\P7\lava.asm
                       D1   0x000059    program     static C:\Users\freem\Desktop\Micros_woo\P7\lava.asm
                       D2   0x00005b    program     static C:\Users\freem\Desktop\Micros_woo\P7\lava.asm
                       D3   0x00005d    program     static C:\Users\freem\Desktop\Micros_woo\P7\lava.asm


