MPLINK 4.38, Linker
Linker Map File - Created Sun Apr 19 03:00:17 2026

                                 Section Info
                  Section       Type    Address   Location Size(Bytes)
                ---------  ---------  ---------  ---------  ---------
                   .org_0       code   0x000000    program   0x000000
                   .org_1       code   0x000000    program   0x000044
.config_2007_CONSTANTES.O       code   0x002007    program   0x000002



                              Program Memory Usage 
                               Start         End      
                           ---------   ---------      
                            0x000000    0x000021      
                            0x002007    0x002007      
            35 out of 8454 program addresses used, program memory utilization is 0%



                              Symbols - Sorted by Name
                     Name    Address   Location    Storage File                     
                ---------  ---------  ---------  --------- ---------                
                  B_MAYOR   0x000012    program     static C:\Users\freem\Desktop\Micros_woo\P5\constantes.asm
             CHECK_SWITCH   0x000016    program     static C:\Users\freem\Desktop\Micros_woo\P5\constantes.asm
                LOW_STATE   0x000018    program     static C:\Users\freem\Desktop\Micros_woo\P5\constantes.asm
                     MAIN   0x000016    program     static C:\Users\freem\Desktop\Micros_woo\P5\constantes.asm
              SWITCH_HIGH   0x00001d    program     static C:\Users\freem\Desktop\Micros_woo\P5\constantes.asm



                              Symbols - Sorted by Address
                     Name    Address   Location    Storage File                     
                ---------  ---------  ---------  --------- ---------                
                  B_MAYOR   0x000012    program     static C:\Users\freem\Desktop\Micros_woo\P5\constantes.asm
             CHECK_SWITCH   0x000016    program     static C:\Users\freem\Desktop\Micros_woo\P5\constantes.asm
                     MAIN   0x000016    program     static C:\Users\freem\Desktop\Micros_woo\P5\constantes.asm
                LOW_STATE   0x000018    program     static C:\Users\freem\Desktop\Micros_woo\P5\constantes.asm
              SWITCH_HIGH   0x00001d    program     static C:\Users\freem\Desktop\Micros_woo\P5\constantes.asm


