MPLINK 4.38, Linker
Linker Map File - Created Fri May 29 15:17:20 2026

                                 Section Info
                  Section       Type    Address   Location Size(Bytes)
                ---------  ---------  ---------  ---------  ---------
                   .org_0       code   0x000000    program   0x000000
                   .org_1       code   0x000000    program   0x000004
                   .org_2       code   0x000020    program   0x00003c
    .config_300000_LED2.O    romdata   0x300000    program   0x000001
    .config_300001_LED2.O    romdata   0x300001    program   0x000001
    .config_300002_LED2.O    romdata   0x300002    program   0x000001
    .config_300003_LED2.O    romdata   0x300003    program   0x000001
    .config_300005_LED2.O    romdata   0x300005    program   0x000001
    .config_300006_LED2.O    romdata   0x300006    program   0x000001
    .config_300008_LED2.O    romdata   0x300008    program   0x000001
    .config_300009_LED2.O    romdata   0x300009    program   0x000001
    .config_30000A_LED2.O    romdata   0x30000a    program   0x000001
    .config_30000B_LED2.O    romdata   0x30000b    program   0x000001
    .config_30000C_LED2.O    romdata   0x30000c    program   0x000001
    .config_30000D_LED2.O    romdata   0x30000d    program   0x000001



                              Program Memory Usage 
                               Start         End      
                           ---------   ---------      
                            0x000000    0x000003      
                            0x000020    0x00005b      
                            0x300000    0x300003      
                            0x300005    0x300006      
                            0x300008    0x30000d      
            76 out of 33048 program addresses used, program memory utilization is 0%



                              Symbols - Sorted by Name
                     Name    Address   Location    Storage File                     
                ---------  ---------  ---------  --------- ---------                
          BUCLE_PRINCIPAL   0x000028    program     static C:\Users\freem\Desktop\Micros_woo\PIC18F4550\COCHE\led2.asm
                   INICIO   0x000020    program     static C:\Users\freem\Desktop\Micros_woo\PIC18F4550\COCHE\led2.asm
                    Lazo1   0x00004e    program     static C:\Users\freem\Desktop\Micros_woo\PIC18F4550\COCHE\led2.asm
                    Lazo2   0x00004a    program     static C:\Users\freem\Desktop\Micros_woo\PIC18F4550\COCHE\led2.asm
                    Lazo3   0x000046    program     static C:\Users\freem\Desktop\Micros_woo\PIC18F4550\COCHE\led2.asm
               RETARDO_2S   0x000042    program     static C:\Users\freem\Desktop\Micros_woo\PIC18F4550\COCHE\led2.asm



                              Symbols - Sorted by Address
                     Name    Address   Location    Storage File                     
                ---------  ---------  ---------  --------- ---------                
                   INICIO   0x000020    program     static C:\Users\freem\Desktop\Micros_woo\PIC18F4550\COCHE\led2.asm
          BUCLE_PRINCIPAL   0x000028    program     static C:\Users\freem\Desktop\Micros_woo\PIC18F4550\COCHE\led2.asm
               RETARDO_2S   0x000042    program     static C:\Users\freem\Desktop\Micros_woo\PIC18F4550\COCHE\led2.asm
                    Lazo3   0x000046    program     static C:\Users\freem\Desktop\Micros_woo\PIC18F4550\COCHE\led2.asm
                    Lazo2   0x00004a    program     static C:\Users\freem\Desktop\Micros_woo\PIC18F4550\COCHE\led2.asm
                    Lazo1   0x00004e    program     static C:\Users\freem\Desktop\Micros_woo\PIC18F4550\COCHE\led2.asm


