MPLINK 4.38, Linker
Linker Map File - Created Tue May 19 22:55:54 2026

                                 Section Info
                  Section       Type    Address   Location Size(Bytes)
                ---------  ---------  ---------  ---------  ---------
                   .org_0       code   0x000000    program   0x000000
                   .org_1       code   0x000000    program   0x000068
      .config_2007_TEMP.O       code   0x002007    program   0x000002



                              Program Memory Usage 
                               Start         End      
                           ---------   ---------      
                            0x000000    0x000033      
                            0x002007    0x002007      
            53 out of 8454 program addresses used, program memory utilization is 0%



                              Symbols - Sorted by Name
                     Name    Address   Location    Storage File                     
                ---------  ---------  ---------  --------- ---------                
             BARRIDO_LOOP   0x00000f    program     static C:\Users\freem\Desktop\Micros_woo\P8\temp.asm
   DELAY_500MS_CHECK_STOP   0x000024    program     static C:\Users\freem\Desktop\Micros_woo\P8\temp.asm
                  DETENER   0x00001e    program     static C:\Users\freem\Desktop\Micros_woo\P8\temp.asm
           ESPERAR_INICIO   0x000009    program     static C:\Users\freem\Desktop\Micros_woo\P8\temp.asm
       ESPERAR_SOLTAR_RB0   0x00000d    program     static C:\Users\freem\Desktop\Micros_woo\P8\temp.asm
       ESPERAR_SOLTAR_RB1   0x000021    program     static C:\Users\freem\Desktop\Micros_woo\P8\temp.asm
                   INICIO   0x000001    program     static C:\Users\freem\Desktop\Micros_woo\P8\temp.asm
                   LOOP_1   0x00002c    program     static C:\Users\freem\Desktop\Micros_woo\P8\temp.asm
                  LOOP_10   0x00002a    program     static C:\Users\freem\Desktop\Micros_woo\P8\temp.asm
                 LOOP_500   0x000026    program     static C:\Users\freem\Desktop\Micros_woo\P8\temp.asm
            REINICIAR_RC0   0x00001b    program     static C:\Users\freem\Desktop\Micros_woo\P8\temp.asm



                              Symbols - Sorted by Address
                     Name    Address   Location    Storage File                     
                ---------  ---------  ---------  --------- ---------                
                   INICIO   0x000001    program     static C:\Users\freem\Desktop\Micros_woo\P8\temp.asm
           ESPERAR_INICIO   0x000009    program     static C:\Users\freem\Desktop\Micros_woo\P8\temp.asm
       ESPERAR_SOLTAR_RB0   0x00000d    program     static C:\Users\freem\Desktop\Micros_woo\P8\temp.asm
             BARRIDO_LOOP   0x00000f    program     static C:\Users\freem\Desktop\Micros_woo\P8\temp.asm
            REINICIAR_RC0   0x00001b    program     static C:\Users\freem\Desktop\Micros_woo\P8\temp.asm
                  DETENER   0x00001e    program     static C:\Users\freem\Desktop\Micros_woo\P8\temp.asm
       ESPERAR_SOLTAR_RB1   0x000021    program     static C:\Users\freem\Desktop\Micros_woo\P8\temp.asm
   DELAY_500MS_CHECK_STOP   0x000024    program     static C:\Users\freem\Desktop\Micros_woo\P8\temp.asm
                 LOOP_500   0x000026    program     static C:\Users\freem\Desktop\Micros_woo\P8\temp.asm
                  LOOP_10   0x00002a    program     static C:\Users\freem\Desktop\Micros_woo\P8\temp.asm
                   LOOP_1   0x00002c    program     static C:\Users\freem\Desktop\Micros_woo\P8\temp.asm


